Archive member included to satisfy reference by file (symbol)

app/libapp.a(main.c.obj)      (--whole-archive)
zephyr/libzephyr.a(validate_libc.c.obj)
                              (--whole-archive)
zephyr/libzephyr.a(heap.c.obj)
                              (--whole-archive)
zephyr/libzephyr.a(cbprintf_packaged.c.obj)
                              (--whole-archive)
zephyr/libzephyr.a(clock.c.obj)
                              (--whole-archive)
zephyr/libzephyr.a(printk.c.obj)
                              (--whole-archive)
zephyr/libzephyr.a(sem.c.obj)
                              (--whole-archive)
zephyr/libzephyr.a(thread_entry.c.obj)
                              (--whole-archive)
zephyr/libzephyr.a(cbprintf_complete.c.obj)
                              (--whole-archive)
zephyr/libzephyr.a(assert.c.obj)
                              (--whole-archive)
zephyr/libzephyr.a(mpsc_pbuf.c.obj)
                              (--whole-archive)
zephyr/libzephyr.a(dec.c.obj)
                              (--whole-archive)
zephyr/libzephyr.a(hex.c.obj)
                              (--whole-archive)
zephyr/libzephyr.a(rb.c.obj)  (--whole-archive)
zephyr/libzephyr.a(timeutil.c.obj)
                              (--whole-archive)
zephyr/libzephyr.a(bitarray.c.obj)
                              (--whole-archive)
zephyr/libzephyr.a(bitmask.c.obj)
                              (--whole-archive)
zephyr/libzephyr.a(ring_buffer.c.obj)
                              (--whole-archive)
zephyr/libzephyr.a(last_section_id.c.obj)
                              (--whole-archive)
zephyr/libzephyr.a(configs.c.obj)
                              (--whole-archive)
zephyr/libzephyr.a(stm32cube_hal.c.obj)
                              (--whole-archive)
zephyr/libzephyr.a(soc_config.c.obj)
                              (--whole-archive)
zephyr/libzephyr.a(stm32_backup_domain.c.obj)
                              (--whole-archive)
zephyr/libzephyr.a(soc.c.obj)
                              (--whole-archive)
zephyr/libzephyr.a(nvs.c.obj)
                              (--whole-archive)
zephyr/libzephyr.a(log_core.c.obj)
                              (--whole-archive)
zephyr/libzephyr.a(log_mgmt.c.obj)
                              (--whole-archive)
zephyr/libzephyr.a(log_cache.c.obj)
                              (--whole-archive)
zephyr/libzephyr.a(log_msg.c.obj)
                              (--whole-archive)
zephyr/libzephyr.a(log_output.c.obj)
                              (--whole-archive)
zephyr/libzephyr.a(log_backend_uart.c.obj)
                              (--whole-archive)
zephyr/libzephyr.a(mem_attr.c.obj)
                              (--whole-archive)
zephyr/libzephyr.a(flash_map.c.obj)
                              (--whole-archive)
zephyr/libzephyr.a(flash_map_default.c.obj)
                              (--whole-archive)
zephyr/libzephyr.a(flash_map_layout.c.obj)
                              (--whole-archive)
zephyr/libzephyr.a(stream_flash.c.obj)
                              (--whole-archive)
zephyr/libzephyr.a(tracing_none.c.obj)
                              (--whole-archive)
zephyr/libzephyr.a(flash_img.c.obj)
                              (--whole-archive)
zephyr/libzephyr.a(settings_store.c.obj)
                              (--whole-archive)
zephyr/libzephyr.a(settings.c.obj)
                              (--whole-archive)
zephyr/libzephyr.a(settings_init.c.obj)
                              (--whole-archive)
zephyr/libzephyr.a(settings_line.c.obj)
                              (--whole-archive)
zephyr/libzephyr.a(settings_nvs.c.obj)
                              (--whole-archive)
zephyr/libzephyr.a(flash_util.c.obj)
                              (--whole-archive)
zephyr/arch/common/libarch__common.a(sw_isr_common.c.obj)
                              (--whole-archive)
zephyr/arch/common/libarch__common.a(init.c.obj)
                              (--whole-archive)
zephyr/arch/common/libarch__common.a(xip.c.obj)
                              (--whole-archive)
zephyr/arch/arch/arm/core/libarch__arm__core.a(fatal.c.obj)
                              (--whole-archive)
zephyr/arch/arch/arm/core/libarch__arm__core.a(nmi.c.obj)
                              (--whole-archive)
zephyr/arch/arch/arm/core/libarch__arm__core.a(nmi_on_reset.S.obj)
                              (--whole-archive)
zephyr/arch/arch/arm/core/cortex_m/libarch__arm__core__cortex_m.a(exc_exit.c.obj)
                              (--whole-archive)
zephyr/arch/arch/arm/core/cortex_m/libarch__arm__core__cortex_m.a(fault.c.obj)
                              (--whole-archive)
zephyr/arch/arch/arm/core/cortex_m/libarch__arm__core__cortex_m.a(fault_s.S.obj)
                              (--whole-archive)
zephyr/arch/arch/arm/core/cortex_m/libarch__arm__core__cortex_m.a(fpu.c.obj)
                              (--whole-archive)
zephyr/arch/arch/arm/core/cortex_m/libarch__arm__core__cortex_m.a(reset.S.obj)
                              (--whole-archive)
[...]
Memory Configuration

Name             Origin             Length             Attributes
FLASH            0x08000000         0x00040000         xr
RAM              0x20000000         0x00010000         xw
SRAM0            0x20000000         0x00010000         rw
IDT_LIST         0xffff7fff         0x00008000         xw
*default*        0x00000000         0xffffffff

Linker script and memory map

LOAD zephyr/CMakeFiles/zephyr_final.dir/misc/empty_file.c.obj
LOAD zephyr/CMakeFiles/zephyr_final.dir/isr_tables.c.obj
LOAD zephyr/CMakeFiles/offsets.dir/./arch/arm/core/offsets/offsets.c.obj
LOAD app/libapp.a
LOAD zephyr/libzephyr.a
LOAD zephyr/arch/common/libarch__common.a
LOAD zephyr/arch/arch/arm/core/libarch__arm__core.a
LOAD zephyr/arch/arch/arm/core/cortex_m/libarch__arm__core__cortex_m.a
LOAD zephyr/arch/arch/arm/core/mpu/libarch__arm__core__mpu.a
LOAD zephyr/lib/libc/picolibc/liblib__libc__picolibc.a
LOAD zephyr/lib/libc/common/liblib__libc__common.a
LOAD zephyr/subsys/lorawan/libloramac-node.a
LOAD zephyr/subsys/random/libsubsys__random.a
LOAD zephyr/subsys/crc/libsubsys__crc.a
LOAD zephyr/subsys/dfu/boot/libsubsys__dfu__boot.a
LOAD zephyr/subsys/zbus/libsubsys__zbus.a
LOAD zephyr/drivers/interrupt_controller/libdrivers__interrupt_controller.a
LOAD zephyr/drivers/adc/libdrivers__adc.a
LOAD zephyr/drivers/clock_control/libdrivers__clock_control.a
LOAD zephyr/drivers/console/libdrivers__console.a
LOAD zephyr/drivers/dma/libdrivers__dma.a
LOAD zephyr/drivers/entropy/libdrivers__entropy.a
LOAD zephyr/drivers/flash/libdrivers__flash.a
LOAD zephyr/drivers/gpio/libdrivers__gpio.a
LOAD zephyr/drivers/i2c/libdrivers__i2c.a
LOAD zephyr/drivers/pinctrl/libdrivers__pinctrl.a
LOAD zephyr/drivers/reset/libdrivers__reset.a
LOAD zephyr/drivers/sensor/st/stm32_temp/libdrivers__sensor__st__stm32_temp.a
LOAD zephyr/drivers/sensor/st/stm32_vbat/libdrivers__sensor__st__stm32_vbat.a
LOAD zephyr/drivers/sensor/st/stm32_vref/libdrivers__sensor__st__stm32_vref.a
LOAD zephyr/drivers/serial/libdrivers__serial.a
LOAD zephyr/drivers/spi/libdrivers__spi.a
LOAD zephyr/drivers/timer/libdrivers__timer.a
LOAD modules/hal_stm32/stm32cube/lib..__modules__hal__stm32__stm32cube.a
LOAD modules/mcuboot/libmcuboot_util.a
LOAD zephyr/kernel/libkernel.a
LOAD zephyr/arch/common/libisr_tables.a
LOAD /Users/andriasworld/Programming/iot-engineering/zephyr‐os‐example‐LoRaWAN/build/modules/picolibc/libc.a
LOAD /opt/homebrew/Cellar/arm-none-eabi-gcc/15.2.0/lib/gcc/arm-none-eabi/15.2.0/thumb/v7e-m/nofp/libgcc.a
                0x00000020                        _region_min_align = 0x20

.rel.plt        0x08000000        0x0
 *(SORT_BY_ALIGNMENT(.rel.plt))
                [!provide]                        PROVIDE (__rel_iplt_start = .)
 *(SORT_BY_ALIGNMENT(.rel.iplt))
 .rel.iplt      0x08000000        0x0 zephyr/CMakeFiles/zephyr_final.dir/isr_tables.c.obj
                [!provide]                        PROVIDE (__rel_iplt_end = .)

.rela.plt       0x00000000        0x0
 *(SORT_BY_ALIGNMENT(.rela.plt))
                [!provide]                        PROVIDE (__rela_iplt_start = .)
 *(SORT_BY_ALIGNMENT(.rela.iplt))
                [!provide]                        PROVIDE (__rela_iplt_end = .)

.rel.dyn
 *(SORT_BY_ALIGNMENT(.rel.*))

.rela.dyn
 *(SORT_BY_ALIGNMENT(.rela.*))

/DISCARD/
 *(SORT_BY_ALIGNMENT(.plt))

/DISCARD/
 *(SORT_BY_ALIGNMENT(.iplt))
                0x08000000                        __rom_region_start = 0x8000000

rom_start       0x08000000      0x138
                0x08000000                        __rom_start_address = .
 FILL mask 0x00
                0x08000000                        . = (. + (0x0 - (. - __rom_start_address)))
                0x08000000                        . = ALIGN (0x4)
                0x08000000                        . = ALIGN (0x80)
                0x08000000                        . = ALIGN (0x200)
                0x08000000                        _vector_start = .
 *(SORT_BY_ALIGNMENT(.exc_vector_table))
 *(SORT_BY_ALIGNMENT(.exc_vector_table.*))
 .exc_vector_table._vector_table_section
                0x08000000       0x40 zephyr/arch/arch/arm/core/cortex_m/libarch__arm__core__cortex_m.a(vector_table.S.obj)
                0x08000000                _vector_table
 *(SORT_BY_ALIGNMENT(.vectors))
                0x08000138                        _vector_end = .
                0x08000040                        . = ALIGN (0x4)
 *(SORT_BY_ALIGNMENT(.gnu.linkonce.irq_vector_table*))
 .gnu.linkonce.irq_vector_table
                0x08000040       0xf8 zephyr/CMakeFiles/zephyr_final.dir/isr_tables.c.obj
                0x08000040                _irq_vector_table
                0x08000138                        _vector_end = .

text            0x08000138    0x18424
                0x08000138                        __text_region_start = .
 *(SORT_BY_ALIGNMENT(.text))
 .text          0x08000138      0x21c /opt/homebrew/Cellar/arm-none-eabi-gcc/15.2.0/lib/gcc/arm-none-eabi/15.2.0/thumb/v7e-m/nofp/libgcc.a(_arm_addsubsf3.o)
                0x08000138                __aeabi_frsub
                0x08000140                __aeabi_fsub
                0x08000140                __subsf3
                0x08000144                __aeabi_fadd
                0x08000144                __addsf3
                0x080002a4                __aeabi_ui2f
                0x080002a4                __floatunsisf
                0x080002ac                __floatsisf
                0x080002ac                __aeabi_i2f
                0x080002c8                __aeabi_ul2f
                0x080002c8                __floatundisf
                0x080002d8                __aeabi_l2f
                0x080002d8                __floatdisf
 .text          0x08000354      0x2a0 /opt/homebrew/Cellar/arm-none-eabi-gcc/15.2.0/lib/gcc/arm-none-eabi/15.2.0/thumb/v7e-m/nofp/libgcc.a(_arm_muldivsf3.o)
                0x08000354                __mulsf3
                0x08000354                __aeabi_fmul
                0x080004bc                __divsf3
                0x080004bc                __aeabi_fdiv
 .text          0x080005f4       0xec /opt/homebrew/Cellar/arm-none-eabi-gcc/15.2.0/lib/gcc/arm-none-eabi/15.2.0/thumb/v7e-m/nofp/libgcc.a(_arm_cmpsf2.o)
                0x080005f4                __gesf2
                0x080005f4                __gtsf2
                0x080005fc                __ltsf2
                0x080005fc                __lesf2
                0x08000604                __nesf2
                0x08000604                __eqsf2
                0x08000604                __cmpsf2
                0x08000664                __aeabi_cfrcmple
                0x0800066c                __aeabi_cfcmpeq
                0x0800066c                __aeabi_cfcmple
                0x0800067c                __aeabi_fcmpeq
                0x08000690                __aeabi_fcmplt
                0x080006a4                __aeabi_fcmple
                0x080006b8                __aeabi_fcmpge
                0x080006cc                __aeabi_fcmpgt
 .text          0x080006e0       0x4c /opt/homebrew/Cellar/arm-none-eabi-gcc/15.2.0/lib/gcc/arm-none-eabi/15.2.0/thumb/v7e-m/nofp/libgcc.a(_arm_fixsfsi.o)
                0x080006e0                __fixsfsi
                0x080006e0                __aeabi_f2iz
 .text          0x0800072c       0xa0 /opt/homebrew/Cellar/arm-none-eabi-gcc/15.2.0/lib/gcc/arm-none-eabi/15.2.0/thumb/v7e-m/nofp/libgcc.a(_aeabi_ldivmod.o)
                0x0800072c                __aeabi_ldivmod
 .text          0x080007cc       0x30 /opt/homebrew/Cellar/arm-none-eabi-gcc/15.2.0/lib/gcc/arm-none-eabi/15.2.0/thumb/v7e-m/nofp/libgcc.a(_aeabi_uldivmod.o)
                0x080007cc                __aeabi_uldivmod
 .text          0x080007fc       0x28 /opt/homebrew/Cellar/arm-none-eabi-gcc/15.2.0/lib/gcc/arm-none-eabi/15.2.0/thumb/v7e-m/nofp/libgcc.a(_popcountsi2.o)
                0x080007fc                __popcountsi2
 .text          0x08000824      0x310 /opt/homebrew/Cellar/arm-none-eabi-gcc/15.2.0/lib/gcc/arm-none-eabi/15.2.0/thumb/v7e-m/nofp/libgcc.a(_udivmoddi4.o)
                0x08000824                __udivmoddi4
 .text          0x08000b34        0x4 /opt/homebrew/Cellar/arm-none-eabi-gcc/15.2.0/lib/gcc/arm-none-eabi/15.2.0/thumb/v7e-m/nofp/libgcc.a(_dvmd_tls.o)
                0x08000b34                __aeabi_ldiv0
                0x08000b34                __aeabi_idiv0
 .text          0x08000b38       0x14 /Users/andriasworld/Programming/iot-engineering/zephyr‐os‐example‐LoRaWAN/build/modules/picolibc/libc.a(strcmp.S.obj)
                0x08000b38                strcmp
 .text          0x08000b4c       0x10 /Users/andriasworld/Programming/iot-engineering/zephyr‐os‐example‐LoRaWAN/build/modules/picolibc/libc.a(strlen.S.obj)
                0x08000b4c                strlen
 *(SORT_BY_ALIGNMENT(.text.*))
 .text.lorwan_datarate_changed
                0x08000b5c       0x30 app/libapp.a(main.c.obj)
 .text.dl_callback
                0x08000b8c       0x7c app/libapp.a(main.c.obj)
 .text.main     0x08000c08      0x250 app/libapp.a(main.c.obj)
                0x08000c08                main
 .text.sys_heap_init
                0x08000e58      0x110 zephyr/libzephyr.a(heap.c.obj)
                0x08000e58                sys_heap_init
 .text.cbvprintf_package
                0x08000f68      0x3e0 zephyr/libzephyr.a(cbprintf_packaged.c.obj)
                0x08000f68                cbvprintf_package
 .text.cbprintf_package_convert
                0x08001348      0x42c zephyr/libzephyr.a(cbprintf_packaged.c.obj)
                0x08001348                cbprintf_package_convert
 .text.__printk_hook_install
                0x08001774        0xc zephyr/libzephyr.a(printk.c.obj)
                0x08001774                __printk_hook_install
 .text.mpsc_pbuf_init
                0x08001780       0x64 zephyr/libzephyr.a(mpsc_pbuf.c.obj)
                0x08001780                mpsc_pbuf_init
 .text.mpsc_pbuf_alloc
                0x080017e4      0x188 zephyr/libzephyr.a(mpsc_pbuf.c.obj)
                0x080017e4                mpsc_pbuf_alloc
 .text.mpsc_pbuf_commit
                0x0800196c       0xb4 zephyr/libzephyr.a(mpsc_pbuf.c.obj)
                0x0800196c                mpsc_pbuf_commit
 .text.mpsc_pbuf_claim
                0x08001a20      0x110 zephyr/libzephyr.a(mpsc_pbuf.c.obj)
                0x08001a20                mpsc_pbuf_claim
 .text.mpsc_pbuf_free
                0x08001b30       0xe8 zephyr/libzephyr.a(mpsc_pbuf.c.obj)
                0x08001b30                mpsc_pbuf_free
 .text.mpsc_pbuf_is_pending
                0x08001c18       0xa4 zephyr/libzephyr.a(mpsc_pbuf.c.obj)
                0x08001c18                mpsc_pbuf_is_pending
 .text.st_stm32_common_config
                0x08001cbc       0x14 zephyr/libzephyr.a(soc_config.c.obj)
 .text.stm32_backup_domain_enable_access
                0x08001cd0       0xa8 zephyr/libzephyr.a(stm32_backup_domain.c.obj)
                0x08001cd0                stm32_backup_domain_enable_access
 .text.stm32_backup_domain_disable_access
                0x08001d78       0xdc zephyr/libzephyr.a(stm32_backup_domain.c.obj)
                0x08001d78                stm32_backup_domain_disable_access
 .text.soc_early_init_hook
                0x08001e54       0x30 zephyr/libzephyr.a(soc.c.obj)
                0x08001e54                soc_early_init_hook
 .text.nvs_mount
                0x08001e84      0x34c zephyr/libzephyr.a(nvs.c.obj)
                0x08001e84                nvs_mount
 .text.nvs_write
                0x080021d0      0x1a4 zephyr/libzephyr.a(nvs.c.obj)
                0x080021d0                nvs_write
 .text.nvs_read_hist
                0x08002374       0xc0 zephyr/libzephyr.a(nvs.c.obj)
                0x08002374                nvs_read_hist
 .text.enable_logger
                0x08002434       0x58 zephyr/libzephyr.a(log_core.c.obj)
 .text.activate_foreach_backend
                0x0800248c       0x5c zephyr/libzephyr.a(log_core.c.obj)
 .text.z_log_init
                0x080024e8       0xe0 zephyr/libzephyr.a(log_core.c.obj)
 .text.log_process_thread_timer_expiry_fn
                0x080025c8        0xc zephyr/libzephyr.a(log_core.c.obj)
 .text.log_format_func_t_get
                0x080025d4        0xc zephyr/libzephyr.a(log_core.c.obj)
                0x080025d4                log_format_func_t_get
 .text.log_set_timestamp_func
                0x080025e0       0x1c zephyr/libzephyr.a(log_core.c.obj)
                0x080025e0                log_set_timestamp_func
 .text.z_log_notify_backend_enabled
                0x080025fc       0x1c zephyr/libzephyr.a(log_core.c.obj)
                0x080025fc                z_log_notify_backend_enabled
 .text.z_log_dropped
                0x08002618       0x44 zephyr/libzephyr.a(log_core.c.obj)
                0x08002618                z_log_dropped
 .text.z_log_dropped_read_and_clear
                0x0800265c       0x20 zephyr/libzephyr.a(log_core.c.obj)
                0x0800265c                z_log_dropped_read_and_clear
 .text.dropped_notify
                0x0800267c       0x60 zephyr/libzephyr.a(log_core.c.obj)
                0x0800267c                dropped_notify
 .text.z_log_msg_init
                0x080026dc       0x20 zephyr/libzephyr.a(log_core.c.obj)
                0x080026dc                z_log_msg_init
 .text.log_core_init
                0x080026fc       0x80 zephyr/libzephyr.a(log_core.c.obj)
                0x080026fc                log_core_init
 .text.z_log_msg_alloc
                0x0800277c       0x10 zephyr/libzephyr.a(log_core.c.obj)
                0x0800277c                z_log_msg_alloc
 .text.z_log_msg_local_claim
                0x0800278c        0xc zephyr/libzephyr.a(log_core.c.obj)
                0x0800278c                z_log_msg_local_claim
 .text.z_log_msg_free
                0x08002798       0x10 zephyr/libzephyr.a(log_core.c.obj)
                0x08002798                z_log_msg_free
 .text.z_log_msg_pending
                0x080027a8        0xc zephyr/libzephyr.a(log_core.c.obj)
                0x080027a8                z_log_msg_pending
 .text.z_impl_log_process
                0x080027b4       0xe4 zephyr/libzephyr.a(log_core.c.obj)
                0x080027b4                z_impl_log_process
 .text.z_impl_log_panic
                0x08002898       0x74 zephyr/libzephyr.a(log_core.c.obj)
                0x08002898                z_impl_log_panic
 .text.log_process_thread_func
                0x0800290c       0xe8 zephyr/libzephyr.a(log_core.c.obj)
 .text.z_log_msg_post_finalize
                0x080029f4       0xe4 zephyr/libzephyr.a(log_core.c.obj)
 .text.z_log_msg_commit
                0x08002ad8       0x24 zephyr/libzephyr.a(log_core.c.obj)
                0x08002ad8                z_log_msg_commit
 .text.log_source_name_get
                0x08002afc       0x1c zephyr/libzephyr.a(log_mgmt.c.obj)
                0x08002afc                log_source_name_get
 .text.z_impl_z_log_msg_static_create
                0x08002b18      0x11c zephyr/libzephyr.a(log_msg.c.obj)
                0x08002b18                z_impl_z_log_msg_static_create
 .text.z_log_msg_runtime_vcreate
                0x08002c34       0xe4 zephyr/libzephyr.a(log_msg.c.obj)
                0x08002c34                z_log_msg_runtime_vcreate
 .text.log_msg_get_source_id
                0x08002d18       0x18 zephyr/libzephyr.a(log_msg.c.obj)
                0x08002d18                log_msg_get_source_id
 .text.print_formatted
                0x08002d30       0x24 zephyr/libzephyr.a(log_output.c.obj)
 .text.newline_print
                0x08002d54       0x1c zephyr/libzephyr.a(log_output.c.obj)
 .text.out_func
                0x08002d70       0x60 zephyr/libzephyr.a(log_output.c.obj)
 .text.log_output_process
                0x08002dd0      0x2a0 zephyr/libzephyr.a(log_output.c.obj)
                0x08002dd0                log_output_process
 .text.log_output_dropped_process
                0x08003070       0x58 zephyr/libzephyr.a(log_output.c.obj)
                0x08003070                log_output_dropped_process
 .text.log_output_timestamp_freq_set
                0x080030c8       0x2c zephyr/libzephyr.a(log_output.c.obj)
                0x080030c8                log_output_timestamp_freq_set
 .text.char_out
                0x080030f4       0x24 zephyr/libzephyr.a(log_backend_uart.c.obj)
 .text.log_backend_uart_init
                0x08003118       0x3c zephyr/libzephyr.a(log_backend_uart.c.obj)
 .text.mem_attr_get_regions
                0x08003154        0xc zephyr/libzephyr.a(mem_attr.c.obj)
                0x08003154                mem_attr_get_regions
 .text.flash_area_open
                0x08003160       0x50 zephyr/libzephyr.a(flash_map.c.obj)
                0x08003160                flash_area_open
 .text.flash_area_sectors
                0x080031b0       0x34 zephyr/libzephyr.a(flash_map_layout.c.obj)
                0x080031b0                flash_area_sectors
 .text.settings_save_one
                0x080031e4       0x38 zephyr/libzephyr.a(settings_store.c.obj)
                0x080031e4                settings_save_one
 .text.settings_src_register
                0x0800321c       0x1c zephyr/libzephyr.a(settings_store.c.obj)
                0x0800321c                settings_src_register
 .text.settings_dst_register
                0x08003238        0xc zephyr/libzephyr.a(settings_store.c.obj)
                0x08003238                settings_dst_register
 .text.settings_load_subtree_direct
                0x08003244       0x30 zephyr/libzephyr.a(settings_store.c.obj)
                0x08003244                settings_load_subtree_direct
 .text.settings_store_init
                0x08003274       0x10 zephyr/libzephyr.a(settings_store.c.obj)
                0x08003274                settings_store_init
 .text.settings_init
                0x08003284       0x10 zephyr/libzephyr.a(settings.c.obj)
                0x08003284                settings_init
 .text.settings_parse_and_lookup
                0x08003294       0xc4 zephyr/libzephyr.a(settings.c.obj)
                0x08003294                settings_parse_and_lookup
 .text.settings_call_set_handler
                0x08003358       0x98 zephyr/libzephyr.a(settings.c.obj)
                0x08003358                settings_call_set_handler
 .text.settings_lock_take
                0x080033f0       0x14 zephyr/libzephyr.a(settings.c.obj)
                0x080033f0                settings_lock_take
 .text.settings_lock_release
                0x08003404        0xc zephyr/libzephyr.a(settings.c.obj)
                0x08003404                settings_lock_release
 .text.settings_subsys_init
                0x08003410       0x2c zephyr/libzephyr.a(settings_init.c.obj)
                0x08003410                settings_subsys_init
 .text.settings_nvs_load
                0x0800343c       0xb4 zephyr/libzephyr.a(settings_nvs.c.obj)
 .text.settings_backend_init
                0x080034f0       0x80 zephyr/libzephyr.a(settings_nvs.c.obj)
                0x080034f0                settings_backend_init
 .text.arch_bss_zero
                0x08003570       0x18 zephyr/arch/common/libarch__common.a(init.c.obj)
                0x08003570                arch_bss_zero
 .text.arch_data_copy
                0x08003588       0x38 zephyr/arch/common/libarch__common.a(xip.c.obj)
                0x08003588                arch_data_copy
 .text.z_arm_fatal_error
                0x080035c0       0xb8 zephyr/arch/arch/arm/core/libarch__arm__core.a(fatal.c.obj)
                0x080035c0                z_arm_fatal_error
 .text.z_SysNmiOnReset
                0x08003678        0x8 zephyr/arch/arch/arm/core/libarch__arm__core.a(nmi_on_reset.S.obj)
                0x08003678                z_SysNmiOnReset
 .text._HandlerModeExit
                0x08003680       0x20 zephyr/arch/arch/arm/core/cortex_m/libarch__arm__core__cortex_m.a(exc_exit.c.obj)
                0x08003680                z_arm_exc_exit
                0x08003680                z_arm_int_exit
 .text.usage_fault.isra.0
                0x080036a0       0xa8 zephyr/arch/arch/arm/core/cortex_m/libarch__arm__core__cortex_m.a(fault.c.obj)
 .text.bus_fault.isra.0
                0x08003748       0xb8 zephyr/arch/arch/arm/core/cortex_m/libarch__arm__core__cortex_m.a(fault.c.obj)
 .text.mem_manage_fault
                0x08003800      0x118 zephyr/arch/arch/arm/core/cortex_m/libarch__arm__core__cortex_m.a(fault.c.obj)
 .text.z_arm_fault
                0x08003918      0x234 zephyr/arch/arch/arm/core/cortex_m/libarch__arm__core__cortex_m.a(fault.c.obj)
                0x08003918                z_arm_fault
 .text.z_arm_fault_init
                0x08003b4c       0x18 zephyr/arch/arch/arm/core/cortex_m/libarch__arm__core__cortex_m.a(fault.c.obj)
                0x08003b4c                z_arm_fault_init
 .text.__fault  0x08003b64       0x14 zephyr/arch/arch/arm/core/cortex_m/libarch__arm__core__cortex_m.a(fault_s.S.obj)
                0x08003b64                z_arm_bus_fault
                0x08003b64                z_arm_usage_fault
                0x08003b64                z_arm_mpu_fault
                0x08003b64                z_arm_exc_spurious
                0x08003b64                z_arm_debug_monitor
                0x08003b64                z_arm_hard_fault
 .text._reset_section
                0x08003b78       0x34 zephyr/arch/arch/arm/core/cortex_m/libarch__arm__core__cortex_m.a(reset.S.obj)
                0x08003b78                z_arm_reset
                0x08003b78                __start
 .text.z_impl_k_thread_abort
                0x08003bac       0x2c zephyr/arch/arch/arm/core/cortex_m/libarch__arm__core__cortex_m.a(thread_abort.c.obj)
                0x08003bac                z_impl_k_thread_abort
 .text.z_arm_pendsv
                0x08003bd8       0x58 zephyr/arch/arch/arm/core/cortex_m/libarch__arm__core__cortex_m.a(swap_helper.S.obj)
                0x08003bd8                z_arm_pendsv
 .text.z_arm_svc
                0x08003c30       0x24 zephyr/arch/arch/arm/core/cortex_m/libarch__arm__core__cortex_m.a(swap_helper.S.obj)
                0x08003c30                z_arm_svc
 .text.arm_irq_enable
                0x08003c54       0x1c zephyr/arch/arch/arm/core/cortex_m/libarch__arm__core__cortex_m.a(irq_manage.c.obj)
                0x08003c54                arm_irq_enable
 .text.arm_irq_disable
                0x08003c70       0x28 zephyr/arch/arch/arm/core/cortex_m/libarch__arm__core__cortex_m.a(irq_manage.c.obj)
                0x08003c70                arm_irq_disable
 .text.arm_irq_is_enabled
                0x08003c98       0x1c zephyr/arch/arch/arm/core/cortex_m/libarch__arm__core__cortex_m.a(irq_manage.c.obj)
                0x08003c98                arm_irq_is_enabled
 .text.arm_irq_priority_set
                0x08003cb4       0x64 zephyr/arch/arch/arm/core/cortex_m/libarch__arm__core__cortex_m.a(irq_manage.c.obj)
                0x08003cb4                arm_irq_priority_set
 .text.relocate_vector_table
                0x08003d18       0x1c zephyr/arch/arch/arm/core/cortex_m/libarch__arm__core__cortex_m.a(prep_c.c.obj)
                0x08003d18                relocate_vector_table
 .text.arch_new_thread
                0x08003d34       0x38 zephyr/arch/arch/arm/core/cortex_m/libarch__arm__core__cortex_m.a(thread.c.obj)
                0x08003d34                arch_new_thread
 .text.z_check_thread_stack_fail
                0x08003d6c       0x30 zephyr/arch/arch/arm/core/cortex_m/libarch__arm__core__cortex_m.a(thread.c.obj)
                0x08003d6c                z_check_thread_stack_fail
 .text.arch_switch_to_main_thread
                0x08003d9c       0x34 zephyr/arch/arch/arm/core/cortex_m/libarch__arm__core__cortex_m.a(thread.c.obj)
                0x08003d9c                arch_switch_to_main_thread
 .text.z_arm_cpu_idle_init
                0x08003dd0        0xc zephyr/arch/arch/arm/core/cortex_m/libarch__arm__core__cortex_m.a(cpu_idle.c.obj)
                0x08003dd0                z_arm_cpu_idle_init
 .text._isr_wrapper
                0x08003ddc       0x24 zephyr/arch/arch/arm/core/cortex_m/libarch__arm__core__cortex_m.a(isr_wrapper.c.obj)
                0x08003ddc                _isr_wrapper
 .text.z_arm_configure_static_mpu_regions
                0x08003e00       0x18 zephyr/arch/arch/arm/core/mpu/libarch__arm__core__mpu.a(arm_core_mpu.c.obj)
                0x08003e00                z_arm_configure_static_mpu_regions
 .text.z_arm_configure_dynamic_mpu_regions
                0x08003e18       0x24 zephyr/arch/arch/arm/core/mpu/libarch__arm__core__mpu.a(arm_core_mpu.c.obj)
                0x08003e18                z_arm_configure_dynamic_mpu_regions
 .text.region_allocate_and_init
                0x08003e3c       0x54 zephyr/arch/arch/arm/core/mpu/libarch__arm__core__mpu.a(arm_mpu.c.obj)
 .text.mpu_configure_regions
                0x08003e90       0x68 zephyr/arch/arch/arm/core/mpu/libarch__arm__core__mpu.a(arm_mpu.c.obj)
 .text.arm_core_mpu_enable
                0x08003ef8       0x18 zephyr/arch/arch/arm/core/mpu/libarch__arm__core__mpu.a(arm_mpu.c.obj)
                0x08003ef8                arm_core_mpu_enable
 .text.arm_core_mpu_disable
                0x08003f10       0x14 zephyr/arch/arch/arm/core/mpu/libarch__arm__core__mpu.a(arm_mpu.c.obj)
                0x08003f10                arm_core_mpu_disable
 .text.arm_core_mpu_configure_static_mpu_regions
                0x08003f24       0x4c zephyr/arch/arch/arm/core/mpu/libarch__arm__core__mpu.a(arm_mpu.c.obj)
                0x08003f24                arm_core_mpu_configure_static_mpu_regions
 .text.arm_core_mpu_configure_dynamic_mpu_regions
                0x08003f70       0x6c zephyr/arch/arch/arm/core/mpu/libarch__arm__core__mpu.a(arm_mpu.c.obj)
                0x08003f70                arm_core_mpu_configure_dynamic_mpu_regions
 .text.z_arm_mpu_init
                0x08003fdc      0x210 zephyr/arch/arch/arm/core/mpu/libarch__arm__core__mpu.a(arm_mpu.c.obj)
                0x08003fdc                z_arm_mpu_init
 .text.cbvprintf
                0x080041ec       0x38 zephyr/lib/libc/picolibc/liblib__libc__picolibc.a(cbprintf.c.obj)
                0x080041ec                cbvprintf
 .text.z_impl_zephyr_fputc
                0x08004224       0x10 zephyr/lib/libc/picolibc/liblib__libc__picolibc.a(stdio.c.obj)
                0x08004224                z_impl_zephyr_fputc
 .text.__stdout_hook_install
                0x08004234       0x18 zephyr/lib/libc/picolibc/liblib__libc__picolibc.a(stdio.c.obj)
                0x08004234                __stdout_hook_install
 .text.malloc_prepare
                0x0800424c       0x24 zephyr/lib/libc/common/liblib__libc__common.a(malloc.c.obj)
 .text.get_battery_level
                0x08004270       0x10 zephyr/subsys/lorawan/libloramac-node.a(lorawan.c.obj)
 .text.lorawan_init
                0x08004280       0x54 zephyr/subsys/lorawan/libloramac-node.a(lorawan.c.obj)
 .text.datarate_observe
                0x080042d4       0x4c zephyr/subsys/lorawan/libloramac-node.a(lorawan.c.obj)
 .text.atomic_get.constprop.0
                0x08004320       0x14 zephyr/subsys/lorawan/libloramac-node.a(lorawan.c.obj)
 .text.mcps_indication_handler
                0x08004334       0xd8 zephyr/subsys/lorawan/libloramac-node.a(lorawan.c.obj)
 .text.mcps_confirm_handler
                0x0800440c       0x68 zephyr/subsys/lorawan/libloramac-node.a(lorawan.c.obj)
 .text.mlme_confirm_handler
                0x08004474       0xb0 zephyr/subsys/lorawan/libloramac-node.a(lorawan.c.obj)
 .text.lorawan_set_region
                0x08004524       0x38 zephyr/subsys/lorawan/libloramac-node.a(lorawan.c.obj)
                0x08004524                lorawan_set_region
 .text.lorawan_join
                0x0800455c      0x1c8 zephyr/subsys/lorawan/libloramac-node.a(lorawan.c.obj)
                0x0800455c                lorawan_join
 .text.lorawan_enable_adr
                0x08004724       0x60 zephyr/subsys/lorawan/libloramac-node.a(lorawan.c.obj)
                0x08004724                lorawan_enable_adr
 .text.lorawan_send
                0x08004784      0x118 zephyr/subsys/lorawan/libloramac-node.a(lorawan.c.obj)
                0x08004784                lorawan_send
 .text.lorawan_register_downlink_callback
                0x0800489c       0x20 zephyr/subsys/lorawan/libloramac-node.a(lorawan.c.obj)
                0x0800489c                lorawan_register_downlink_callback
 .text.lorawan_register_dr_changed_callback
                0x080048bc        0xc zephyr/subsys/lorawan/libloramac-node.a(lorawan.c.obj)
                0x080048bc                lorawan_register_dr_changed_callback
 .text.lorawan_start
                0x080048c8       0xb4 zephyr/subsys/lorawan/libloramac-node.a(lorawan.c.obj)
                0x080048c8                lorawan_start
 .text.lorawan_status2str
                0x0800497c       0x18 zephyr/subsys/lorawan/libloramac-node.a(lw_priv.c.obj)
                0x0800497c                lorawan_status2str
 .text.lorawan_eventinfo2str
                0x08004994       0x18 zephyr/subsys/lorawan/libloramac-node.a(lw_priv.c.obj)
                0x08004994                lorawan_eventinfo2str
 .text.lorawan_status2errno
                0x080049ac       0x24 zephyr/subsys/lorawan/libloramac-node.a(lw_priv.c.obj)
                0x080049ac                lorawan_status2errno
 .text.lorawan_eventinfo2errno
                0x080049d0       0x24 zephyr/subsys/lorawan/libloramac-node.a(lw_priv.c.obj)
                0x080049d0                lorawan_eventinfo2errno
 .text.on_setting_loaded
                0x080049f4      0x128 zephyr/subsys/lorawan/libloramac-node.a(lorawan_nvm_settings.c.obj)
 .text.lorawan_nvm_data_mgmt_event
                0x08004b1c       0x90 zephyr/subsys/lorawan/libloramac-node.a(lorawan_nvm_settings.c.obj)
                0x08004b1c                lorawan_nvm_data_mgmt_event
 .text.lorawan_nvm_data_restore
                0x08004bac       0x78 zephyr/subsys/lorawan/libloramac-node.a(lorawan_nvm_settings.c.obj)
                0x08004bac                lorawan_nvm_data_restore
 .text.timer_callback
                0x08004c24        0xc zephyr/subsys/lorawan/libloramac-node.a(hal_common.c.obj)
 .text.RtcBkupWrite
                0x08004c30        0xc zephyr/subsys/lorawan/libloramac-node.a(hal_common.c.obj)
                0x08004c30                RtcBkupWrite
 .text.RtcBkupRead
                0x08004c3c       0x10 zephyr/subsys/lorawan/libloramac-node.a(hal_common.c.obj)
                0x08004c3c                RtcBkupRead
 .text.RtcGetTimerElapsedTime
                0x08004c4c       0x14 zephyr/subsys/lorawan/libloramac-node.a(hal_common.c.obj)
                0x08004c4c                RtcGetTimerElapsedTime
 .text.RtcStopAlarm
                0x08004c60        0xc zephyr/subsys/lorawan/libloramac-node.a(hal_common.c.obj)
                0x08004c60                RtcStopAlarm
 .text.RtcSetAlarm
                0x08004c6c       0x20 zephyr/subsys/lorawan/libloramac-node.a(hal_common.c.obj)
                0x08004c6c                RtcSetAlarm
 .text.RtcSetTimerContext
                0x08004c8c       0x10 zephyr/subsys/lorawan/libloramac-node.a(hal_common.c.obj)
                0x08004c8c                RtcSetTimerContext
 .text.RtcGetTimerContext
                0x08004c9c        0xc zephyr/subsys/lorawan/libloramac-node.a(hal_common.c.obj)
                0x08004c9c                RtcGetTimerContext
 .text.modem_release.constprop.0
                0x08004ca8       0x54 zephyr/subsys/lorawan/libloramac-node.a(sx12xx_common.c.obj)
 .text.sx12xx_ev_tx_done
                0x08004cfc       0x20 zephyr/subsys/lorawan/libloramac-node.a(sx12xx_common.c.obj)
 .text.sx12xx_ev_rx_error
                0x08004d1c       0x40 zephyr/subsys/lorawan/libloramac-node.a(sx12xx_common.c.obj)
 .text.sx12xx_ev_rx_done
                0x08004d5c       0xb0 zephyr/subsys/lorawan/libloramac-node.a(sx12xx_common.c.obj)
 .text.__sx12xx_configure_pin
                0x08004e0c      0x204 zephyr/subsys/lorawan/libloramac-node.a(sx12xx_common.c.obj)
                0x08004e0c                __sx12xx_configure_pin
 .text.sx12xx_lora_send_async
                0x08005010       0x4c zephyr/subsys/lorawan/libloramac-node.a(sx12xx_common.c.obj)
                0x08005010                sx12xx_lora_send_async
 .text.sx12xx_lora_send
                0x0800505c       0xb8 zephyr/subsys/lorawan/libloramac-node.a(sx12xx_common.c.obj)
                0x0800505c                sx12xx_lora_send
 .text.sx12xx_lora_recv
                0x08005114       0xd4 zephyr/subsys/lorawan/libloramac-node.a(sx12xx_common.c.obj)
                0x08005114                sx12xx_lora_recv
 .text.sx12xx_lora_recv_async
                0x080051e8       0x58 zephyr/subsys/lorawan/libloramac-node.a(sx12xx_common.c.obj)
                0x080051e8                sx12xx_lora_recv_async
 .text.sx12xx_lora_config
                0x08005240       0xbc zephyr/subsys/lorawan/libloramac-node.a(sx12xx_common.c.obj)
                0x08005240                sx12xx_lora_config
 .text.sx12xx_lora_test_cw
                0x080052fc       0x40 zephyr/subsys/lorawan/libloramac-node.a(sx12xx_common.c.obj)
                0x080052fc                sx12xx_lora_test_cw
 .text.sx12xx_init
                0x0800533c       0x60 zephyr/subsys/lorawan/libloramac-node.a(sx12xx_common.c.obj)
                0x0800533c                sx12xx_init
 .text.gpio_pin_set.isra.0
                0x0800539c       0x5c zephyr/subsys/lorawan/libloramac-node.a(sx126x.c.obj)
 .text.sx126x_set_tx_enable
                0x080053f8       0x10 zephyr/subsys/lorawan/libloramac-node.a(sx126x.c.obj)
 .text.sx126x_set_rx_enable
                0x08005408       0x10 zephyr/subsys/lorawan/libloramac-node.a(sx126x.c.obj)
 .text.sx126x_dio1_irq_work_handler
                0x08005418       0x44 zephyr/subsys/lorawan/libloramac-node.a(sx126x.c.obj)
 .text.sx126x_lora_init
                0x0800545c       0xa4 zephyr/subsys/lorawan/libloramac-node.a(sx126x.c.obj)
 .text.SX126xGetOperatingMode
                0x08005500        0xc zephyr/subsys/lorawan/libloramac-node.a(sx126x.c.obj)
                0x08005500                SX126xGetOperatingMode
 .text.SX126xSetOperatingMode
                0x0800550c       0x4c zephyr/subsys/lorawan/libloramac-node.a(sx126x.c.obj)
                0x0800550c                SX126xSetOperatingMode
 .text.SX126xIoIrqInit
                0x08005558        0xc zephyr/subsys/lorawan/libloramac-node.a(sx126x.c.obj)
                0x08005558                SX126xIoIrqInit
 .text.SX126xReset
                0x08005564       0x18 zephyr/subsys/lorawan/libloramac-node.a(sx126x.c.obj)
                0x08005564                SX126xReset
 .text.SX126xWaitOnBusy
                0x0800557c       0x1c zephyr/subsys/lorawan/libloramac-node.a(sx126x.c.obj)
                0x0800557c                SX126xWaitOnBusy
 .text.sx126x_spi_transceive.isra.0
                0x08005598       0x80 zephyr/subsys/lorawan/libloramac-node.a(sx126x.c.obj)
 .text.SX126xWakeup
                0x08005618       0x60 zephyr/subsys/lorawan/libloramac-node.a(sx126x.c.obj)
                0x08005618                SX126xWakeup
 .text.SX126xGetDio1PinState
                0x08005678        0xc zephyr/subsys/lorawan/libloramac-node.a(sx126x.c.obj)
                0x08005678                SX126xGetDio1PinState
 .text.sx126x_is_busy
                0x08005684       0x10 zephyr/subsys/lorawan/libloramac-node.a(sx126x_stm32wl.c.obj)
                0x08005684                sx126x_is_busy
 .text.sx126x_dio1_irq_enable
                0x08005694       0x14 zephyr/subsys/lorawan/libloramac-node.a(sx126x_stm32wl.c.obj)
                0x08005694                sx126x_dio1_irq_enable
 .text.sx126x_variant_init
                0x080056a8       0x28 zephyr/subsys/lorawan/libloramac-node.a(sx126x_stm32wl.c.obj)
                0x080056a8                sx126x_variant_init
 .text.rand1    0x080056d0       0x28 zephyr/subsys/lorawan/libloramac-node.a(utilities.c.obj)
                0x080056d0                rand1
 .text.srand1   0x080056f8        0xc zephyr/subsys/lorawan/libloramac-node.a(utilities.c.obj)
                0x080056f8                srand1
 .text.Crc32    0x08005704       0x34 zephyr/subsys/lorawan/libloramac-node.a(utilities.c.obj)
                0x08005704                Crc32
 .text.TimerInsertNewHeadTimer
                0x08005738       0x18 zephyr/subsys/lorawan/libloramac-node.a(timer.c.obj)
 .text.TimerStart
                0x08005750       0x68 zephyr/subsys/lorawan/libloramac-node.a(timer.c.obj)
                0x08005750                TimerStart
 .text.TimerIrqHandler
                0x080057b8       0x7c zephyr/subsys/lorawan/libloramac-node.a(timer.c.obj)
                0x080057b8                TimerIrqHandler
 .text.TimerStop
                0x08005834       0x5c zephyr/subsys/lorawan/libloramac-node.a(timer.c.obj)
                0x08005834                TimerStop
 .text.SX126xSetCrcSeed
                0x08005890       0x24 zephyr/subsys/lorawan/libloramac-node.a(sx126x.c.obj)
                0x08005890                SX126xSetCrcSeed
 .text.SX126xSetCrcPolynomial
                0x080058b4       0x24 zephyr/subsys/lorawan/libloramac-node.a(sx126x.c.obj)
                0x080058b4                SX126xSetCrcPolynomial
 .text.SX126xSetWhiteningSeed
                0x080058d8       0x38 zephyr/subsys/lorawan/libloramac-node.a(sx126x.c.obj)
                0x080058d8                SX126xSetWhiteningSeed
 .text.SX126xSetSleep
                0x08005910       0x4c zephyr/subsys/lorawan/libloramac-node.a(sx126x.c.obj)
                0x08005910                SX126xSetSleep
 .text.SX126xInit
                0x0800595c       0x34 zephyr/subsys/lorawan/libloramac-node.a(sx126x.c.obj)
                0x0800595c                SX126xInit
 .text.SX126xCalibrateImage
                0x08005990       0x64 zephyr/subsys/lorawan/libloramac-node.a(sx126x.c.obj)
                0x08005990                SX126xCalibrateImage
 .text.SX126xSetRfFrequency
                0x080059f4       0x48 zephyr/subsys/lorawan/libloramac-node.a(sx126x.c.obj)
                0x080059f4                SX126xSetRfFrequency
 .text.SX126xSetPacketType
                0x08005a3c       0x20 zephyr/subsys/lorawan/libloramac-node.a(sx126x.c.obj)
                0x08005a3c                SX126xSetPacketType
 .text.SX126xGetPacketType
                0x08005a5c        0xc zephyr/subsys/lorawan/libloramac-node.a(sx126x.c.obj)
                0x08005a5c                SX126xGetPacketType
 .text.SX126xSetModulationParams
                0x08005a68       0x90 zephyr/subsys/lorawan/libloramac-node.a(sx126x.c.obj)
                0x08005a68                SX126xSetModulationParams
 .text.SX126xSetPacketParams
                0x08005af8       0xb4 zephyr/subsys/lorawan/libloramac-node.a(sx126x.c.obj)
                0x08005af8                SX126xSetPacketParams
 .text.SX126xGetRxBufferStatus
                0x08005bac       0x44 zephyr/subsys/lorawan/libloramac-node.a(sx126x.c.obj)
                0x08005bac                SX126xGetRxBufferStatus
 .text.SX126xGetPacketStatus
                0x08005bf0       0x78 zephyr/subsys/lorawan/libloramac-node.a(sx126x.c.obj)
                0x08005bf0                SX126xGetPacketStatus
 .text.RadioOnTxTimeoutIrq
                0x08005c68       0x14 zephyr/subsys/lorawan/libloramac-node.a(radio.c.obj)
                0x08005c68                RadioOnTxTimeoutIrq
 .text.RadioOnRxTimeoutIrq
                0x08005c7c       0x14 zephyr/subsys/lorawan/libloramac-node.a(radio.c.obj)
                0x08005c7c                RadioOnRxTimeoutIrq
 .text.RadioOnDioIrq
                0x08005c90        0xc zephyr/subsys/lorawan/libloramac-node.a(radio.c.obj)
                0x08005c90                RadioOnDioIrq
 .text.RadioGetStatus
                0x08005c9c       0x1c zephyr/subsys/lorawan/libloramac-node.a(radio.c.obj)
                0x08005c9c                RadioGetStatus
 .text.RadioSend
                0x08005cb8       0x5c zephyr/subsys/lorawan/libloramac-node.a(radio.c.obj)
                0x08005cb8                RadioSend
 .text.RadioSetTxContinuousWave
                0x08005d14       0x30 zephyr/subsys/lorawan/libloramac-node.a(radio.c.obj)
                0x08005d14                RadioSetTxContinuousWave
 .text.RadioIrqProcess
                0x08005d44      0x178 zephyr/subsys/lorawan/libloramac-node.a(radio.c.obj)
                0x08005d44                RadioIrqProcess
 .text.RadioGetFskBandwidthRegValue
                0x08005ebc       0x34 zephyr/subsys/lorawan/libloramac-node.a(radio.c.obj)
 .text.RadioSetMaxPayloadLength
                0x08005ef0       0x30 zephyr/subsys/lorawan/libloramac-node.a(radio.c.obj)
                0x08005ef0                RadioSetMaxPayloadLength
 .text.RadioRx  0x08005f20       0x48 zephyr/subsys/lorawan/libloramac-node.a(radio.c.obj)
                0x08005f20                RadioRx
 .text.RadioRxBoosted
                0x08005f68       0x48 zephyr/subsys/lorawan/libloramac-node.a(radio.c.obj)
                0x08005f68                RadioRxBoosted
 .text.RadioTimeOnAir
                0x08005fb0       0xec zephyr/subsys/lorawan/libloramac-node.a(radio.c.obj)
                0x08005fb0                RadioTimeOnAir
 .text.RadioSetPublicNetwork
                0x0800609c       0x3c zephyr/subsys/lorawan/libloramac-node.a(radio.c.obj)
                0x0800609c                RadioSetPublicNetwork
 .text.RadioSetModem.part.0
                0x080060d8       0x24 zephyr/subsys/lorawan/libloramac-node.a(radio.c.obj)
 .text.RadioSetModem
                0x080060fc       0x20 zephyr/subsys/lorawan/libloramac-node.a(radio.c.obj)
                0x080060fc                RadioSetModem
 .text.RadioSetRxConfig
                0x0800611c      0x1f0 zephyr/subsys/lorawan/libloramac-node.a(radio.c.obj)
                0x0800611c                RadioSetRxConfig
 .text.RadioSetTxConfig
                0x0800630c      0x19c zephyr/subsys/lorawan/libloramac-node.a(radio.c.obj)
                0x0800630c                RadioSetTxConfig
 .text.RadioInit
                0x080064a8       0x7c zephyr/subsys/lorawan/libloramac-node.a(radio.c.obj)
                0x080064a8                RadioInit
 .text.aes_set_key
                0x08006524       0xfc zephyr/subsys/lorawan/libloramac-node.a(aes.c.obj)
                0x08006524                aes_set_key
 .text.aes_encrypt
                0x08006620      0x3b8 zephyr/subsys/lorawan/libloramac-node.a(aes.c.obj)
                0x08006620                aes_encrypt
 .text.ComputeCmac
                0x080069d8       0x7c zephyr/subsys/lorawan/libloramac-node.a(soft-se.c.obj)
 .text.SecureElementInit
                0x08006a54       0xc0 zephyr/subsys/lorawan/libloramac-node.a(soft-se.c.obj)
                0x08006a54                SecureElementInit
 .text.SecureElementAesEncrypt
                0x08006b14       0x7c zephyr/subsys/lorawan/libloramac-node.a(soft-se.c.obj)
                0x08006b14                SecureElementAesEncrypt
 .text.SecureElementSetKey.part.0
                0x08006b90       0x78 zephyr/subsys/lorawan/libloramac-node.a(soft-se.c.obj)
 .text.SecureElementSetDevEui
                0x08006c08       0x1c zephyr/subsys/lorawan/libloramac-node.a(soft-se.c.obj)
                0x08006c08                SecureElementSetDevEui
 .text.SecureElementGetDevEui
                0x08006c24        0xc zephyr/subsys/lorawan/libloramac-node.a(soft-se.c.obj)
                0x08006c24                SecureElementGetDevEui
 .text.SecureElementSetJoinEui
                0x08006c30       0x20 zephyr/subsys/lorawan/libloramac-node.a(soft-se.c.obj)
                0x08006c30                SecureElementSetJoinEui
 .text.SecureElementGetJoinEui
                0x08006c50        0xc zephyr/subsys/lorawan/libloramac-node.a(soft-se.c.obj)
                0x08006c50                SecureElementGetJoinEui
 .text.SecureElementSetPin
                0x08006c5c       0x20 zephyr/subsys/lorawan/libloramac-node.a(soft-se.c.obj)
                0x08006c5c                SecureElementSetPin
 .text.SecureElementGetPin
                0x08006c7c        0xc zephyr/subsys/lorawan/libloramac-node.a(soft-se.c.obj)
                0x08006c7c                SecureElementGetPin
 .text.UpdateRxSlotIdleState
                0x08006c88       0x1c zephyr/subsys/lorawan/libloramac-node.a(LoRaMac.c.obj)
 .text.OnMacProcessNotify
                0x08006ca4       0x14 zephyr/subsys/lorawan/libloramac-node.a(LoRaMac.c.obj)
 .text.OnRadioRxTimeout
                0x08006cb8       0x14 zephyr/subsys/lorawan/libloramac-node.a(LoRaMac.c.obj)
 .text.OnRadioTxTimeout
                0x08006ccc       0x14 zephyr/subsys/lorawan/libloramac-node.a(LoRaMac.c.obj)
 .text.OnRadioRxError
                0x08006ce0       0x14 zephyr/subsys/lorawan/libloramac-node.a(LoRaMac.c.obj)
 .text.OnAbpJoinPendingTimerEvent
                0x08006cf4       0x24 zephyr/subsys/lorawan/libloramac-node.a(LoRaMac.c.obj)
 .text.OnRadioRxDone
                0x08006d18       0x38 zephyr/subsys/lorawan/libloramac-node.a(LoRaMac.c.obj)
 .text.GetMaxAppPayloadWithoutFOptsLength
                0x08006d50       0x2c zephyr/subsys/lorawan/libloramac-node.a(LoRaMac.c.obj)
 .text.OnForceRejoinReqCycleTimerEvent
                0x08006d7c       0x64 zephyr/subsys/lorawan/libloramac-node.a(LoRaMac.c.obj)
 .text.OnRetransmitTimeoutTimerEvent
                0x08006de0       0x28 zephyr/subsys/lorawan/libloramac-node.a(LoRaMac.c.obj)
 .text.PrepareRxDoneAbort
                0x08006e08       0x34 zephyr/subsys/lorawan/libloramac-node.a(LoRaMac.c.obj)
 .text.ResetMacParameters
                0x08006e3c      0x158 zephyr/subsys/lorawan/libloramac-node.a(LoRaMac.c.obj)
 .text.OnRadioTxDone
                0x08006f94       0x3c zephyr/subsys/lorawan/libloramac-node.a(LoRaMac.c.obj)
 .text.HandleRadioRxErrorTimeout
                0x08006fd0       0xc0 zephyr/subsys/lorawan/libloramac-node.a(LoRaMac.c.obj)
 .text.OpenContinuousRxCWindow
                0x08007090       0x58 zephyr/subsys/lorawan/libloramac-node.a(LoRaMac.c.obj)
 .text.SwitchClass
                0x080070e8       0xfc zephyr/subsys/lorawan/libloramac-node.a(LoRaMac.c.obj)
 .text.RxWindowSetup.constprop.0
                0x080071e4       0x40 zephyr/subsys/lorawan/libloramac-node.a(LoRaMac.c.obj)
 .text.OnRxWindow1TimerEvent
                0x08007224       0x44 zephyr/subsys/lorawan/libloramac-node.a(LoRaMac.c.obj)
 .text.OnRxWindow2TimerEvent
                0x08007268       0x4c zephyr/subsys/lorawan/libloramac-node.a(LoRaMac.c.obj)
 .text.ProcessMacCommands.constprop.0
                0x080072b4      0x6fc zephyr/subsys/lorawan/libloramac-node.a(LoRaMac.c.obj)
 .text.StopRetransmission.isra.0
                0x080079b0       0x90 zephyr/subsys/lorawan/libloramac-node.a(LoRaMac.c.obj)
 .text.OnRejoin1CycleTimerEvent
                0x08007a40       0x50 zephyr/subsys/lorawan/libloramac-node.a(LoRaMac.c.obj)
 .text.OnRejoin0CycleTimerEvent
                0x08007a90       0x50 zephyr/subsys/lorawan/libloramac-node.a(LoRaMac.c.obj)
 .text.LoRaMacIsBusy
                0x08007ae0       0x30 zephyr/subsys/lorawan/libloramac-node.a(LoRaMac.c.obj)
                0x08007ae0                LoRaMacIsBusy
 .text.PrepareFrame
                0x08007b10      0x14c zephyr/subsys/lorawan/libloramac-node.a(LoRaMac.c.obj)
                0x08007b10                PrepareFrame
 .text.SendFrameOnChannel
                0x08007c5c      0x140 zephyr/subsys/lorawan/libloramac-node.a(LoRaMac.c.obj)
                0x08007c5c                SendFrameOnChannel
 .text.ScheduleTx
                0x08007d9c      0x1f0 zephyr/subsys/lorawan/libloramac-node.a(LoRaMac.c.obj)
 .text.OnTxDelayedTimerEvent
                0x08007f8c       0x70 zephyr/subsys/lorawan/libloramac-node.a(LoRaMac.c.obj)
 .text.Send     0x08007ffc       0xfc zephyr/subsys/lorawan/libloramac-node.a(LoRaMac.c.obj)
                0x08007ffc                Send
 .text.SendReJoinReq
                0x080080f8      0x108 zephyr/subsys/lorawan/libloramac-node.a(LoRaMac.c.obj)
                0x080080f8                SendReJoinReq
 .text.SetTxContinuousWave
                0x08008200       0x2c zephyr/subsys/lorawan/libloramac-node.a(LoRaMac.c.obj)
                0x08008200                SetTxContinuousWave
 .text.LoRaMacInitialization
                0x0800822c      0x378 zephyr/subsys/lorawan/libloramac-node.a(LoRaMac.c.obj)
                0x0800822c                LoRaMacInitialization
 .text.LoRaMacStart
                0x080085a4       0x14 zephyr/subsys/lorawan/libloramac-node.a(LoRaMac.c.obj)
                0x080085a4                LoRaMacStart
 .text.LoRaMacQueryTxPossible
                0x080085b8       0xc4 zephyr/subsys/lorawan/libloramac-node.a(LoRaMac.c.obj)
                0x080085b8                LoRaMacQueryTxPossible
 .text.LoRaMacMibGetRequestConfirm
                0x0800867c      0x228 zephyr/subsys/lorawan/libloramac-node.a(LoRaMac.c.obj)
                0x0800867c                LoRaMacMibGetRequestConfirm
 .text.LoRaMacMibSetRequestConfirm
                0x080088a4      0x628 zephyr/subsys/lorawan/libloramac-node.a(LoRaMac.c.obj)
                0x080088a4                LoRaMacMibSetRequestConfirm
 .text.LoRaMacMlmeRequest
                0x08008ecc      0x21c zephyr/subsys/lorawan/libloramac-node.a(LoRaMac.c.obj)
                0x08008ecc                LoRaMacMlmeRequest
 .text.LoRaMacProcess
                0x080090e8      0xb54 zephyr/subsys/lorawan/libloramac-node.a(LoRaMac.c.obj)
                0x080090e8                LoRaMacProcess
 .text.LoRaMacMcpsRequest
                0x08009c3c      0x184 zephyr/subsys/lorawan/libloramac-node.a(LoRaMac.c.obj)
                0x08009c3c                LoRaMacMcpsRequest
 .text.IsSticky
                0x08009dc0       0x20 zephyr/subsys/lorawan/libloramac-node.a(LoRaMacCommands.c.obj)
 .text.LoRaMacCommandsInit
                0x08009de0       0x1c zephyr/subsys/lorawan/libloramac-node.a(LoRaMacCommands.c.obj)
                0x08009de0                LoRaMacCommandsInit
 .text.LoRaMacCommandsAddCmd
                0x08009dfc       0x9c zephyr/subsys/lorawan/libloramac-node.a(LoRaMacCommands.c.obj)
                0x08009dfc                LoRaMacCommandsAddCmd
 .text.LoRaMacCommandsRemoveCmd
                0x08009e98       0x54 zephyr/subsys/lorawan/libloramac-node.a(LoRaMacCommands.c.obj)
                0x08009e98                LoRaMacCommandsRemoveCmd
 .text.LoRaMacCommandsGetCmd
                0x08009eec       0x1c zephyr/subsys/lorawan/libloramac-node.a(LoRaMacCommands.c.obj)
                0x08009eec                LoRaMacCommandsGetCmd
 .text.LoRaMacCommandsRemoveNoneStickyCmds
                0x08009f08       0x1c zephyr/subsys/lorawan/libloramac-node.a(LoRaMacCommands.c.obj)
                0x08009f08                LoRaMacCommandsRemoveNoneStickyCmds
 .text.LoRaMacCommandsRemoveStickyAnsCmds
                0x08009f24       0x3c zephyr/subsys/lorawan/libloramac-node.a(LoRaMacCommands.c.obj)
                0x08009f24                LoRaMacCommandsRemoveStickyAnsCmds
 .text.LoRaMacCommandsGetSizeSerializedCmds
                0x08009f60       0x18 zephyr/subsys/lorawan/libloramac-node.a(LoRaMacCommands.c.obj)
                0x08009f60                LoRaMacCommandsGetSizeSerializedCmds
 .text.LoRaMacCommandsSerializeCmds
                0x08009f78       0x64 zephyr/subsys/lorawan/libloramac-node.a(LoRaMacCommands.c.obj)
                0x08009f78                LoRaMacCommandsSerializeCmds
 .text.LoRaMacCommandsGetCmdSize
                0x08009fdc       0x14 zephyr/subsys/lorawan/libloramac-node.a(LoRaMacCommands.c.obj)
                0x08009fdc                LoRaMacCommandsGetCmdSize
 .text.GetElement.isra.0
                0x08009ff0       0x34 zephyr/subsys/lorawan/libloramac-node.a(LoRaMacConfirmQueue.c.obj)
 .text.LoRaMacConfirmQueueInit
                0x0800a024       0x28 zephyr/subsys/lorawan/libloramac-node.a(LoRaMacConfirmQueue.c.obj)
                0x0800a024                LoRaMacConfirmQueueInit
 .text.LoRaMacConfirmQueueAdd
                0x0800a04c       0x4c zephyr/subsys/lorawan/libloramac-node.a(LoRaMacConfirmQueue.c.obj)
                0x0800a04c                LoRaMacConfirmQueueAdd
 .text.LoRaMacConfirmQueueRemoveFirst
                0x0800a098       0x2c zephyr/subsys/lorawan/libloramac-node.a(LoRaMacConfirmQueue.c.obj)
                0x0800a098                LoRaMacConfirmQueueRemoveFirst
 .text.LoRaMacConfirmQueueSetStatus
                0x0800a0c4       0x24 zephyr/subsys/lorawan/libloramac-node.a(LoRaMacConfirmQueue.c.obj)
                0x0800a0c4                LoRaMacConfirmQueueSetStatus
 .text.LoRaMacConfirmQueueSetStatusCmn
                0x0800a0e8       0x34 zephyr/subsys/lorawan/libloramac-node.a(LoRaMacConfirmQueue.c.obj)
                0x0800a0e8                LoRaMacConfirmQueueSetStatusCmn
 .text.LoRaMacConfirmQueueIsCmdActive
                0x0800a11c       0x18 zephyr/subsys/lorawan/libloramac-node.a(LoRaMacConfirmQueue.c.obj)
                0x0800a11c                LoRaMacConfirmQueueIsCmdActive
 .text.LoRaMacConfirmQueueHandleCb
                0x0800a134       0x68 zephyr/subsys/lorawan/libloramac-node.a(LoRaMacConfirmQueue.c.obj)
                0x0800a134                LoRaMacConfirmQueueHandleCb
 .text.LoRaMacConfirmQueueGetCnt
                0x0800a19c        0xc zephyr/subsys/lorawan/libloramac-node.a(LoRaMacConfirmQueue.c.obj)
                0x0800a19c                LoRaMacConfirmQueueGetCnt
 .text.LoRaMacConfirmQueueIsFull
                0x0800a1a8       0x14 zephyr/subsys/lorawan/libloramac-node.a(LoRaMacConfirmQueue.c.obj)
                0x0800a1a8                LoRaMacConfirmQueueIsFull
 .text.FOptsEncrypt
                0x0800a1bc       0xc4 zephyr/subsys/lorawan/libloramac-node.a(LoRaMacCrypto.c.obj)
 .text.GetLastFcntDown.constprop.0
                0x0800a280       0x58 zephyr/subsys/lorawan/libloramac-node.a(LoRaMacCrypto.c.obj)
 .text.VerifyCmacB0.constprop.0
                0x0800a2d8       0xb8 zephyr/subsys/lorawan/libloramac-node.a(LoRaMacCrypto.c.obj)
 .text.LoRaMacCryptoInit
                0x0800a390       0x3c zephyr/subsys/lorawan/libloramac-node.a(LoRaMacCrypto.c.obj)
                0x0800a390                LoRaMacCryptoInit
 .text.LoRaMacCryptoSetLrWanVersion
                0x0800a3cc       0x10 zephyr/subsys/lorawan/libloramac-node.a(LoRaMacCrypto.c.obj)
                0x0800a3cc                LoRaMacCryptoSetLrWanVersion
 .text.LoRaMacCryptoGetFCntUp
                0x0800a3dc       0x18 zephyr/subsys/lorawan/libloramac-node.a(LoRaMacCrypto.c.obj)
                0x0800a3dc                LoRaMacCryptoGetFCntUp
 .text.LoRaMacCryptoGetRJcount
                0x0800a3f4       0x30 zephyr/subsys/lorawan/libloramac-node.a(LoRaMacCrypto.c.obj)
                0x0800a3f4                LoRaMacCryptoGetRJcount
 .text.LoRaMacCryptoSetMulticastReference
                0x0800a424       0x2c zephyr/subsys/lorawan/libloramac-node.a(LoRaMacCrypto.c.obj)
                0x0800a424                LoRaMacCryptoSetMulticastReference
 .text.LoRaMacCryptoPrepareJoinRequest
                0x0800a450       0xac zephyr/subsys/lorawan/libloramac-node.a(LoRaMacCrypto.c.obj)
                0x0800a450                LoRaMacCryptoPrepareJoinRequest
 .text.LoRaMacCryptoPrepareReJoinType1
                0x0800a4fc       0x58 zephyr/subsys/lorawan/libloramac-node.a(LoRaMacCrypto.c.obj)
                0x0800a4fc                LoRaMacCryptoPrepareReJoinType1
 .text.LoRaMacCryptoPrepareReJoinType0or2
                0x0800a554       0x54 zephyr/subsys/lorawan/libloramac-node.a(LoRaMacCrypto.c.obj)
                0x0800a554                LoRaMacCryptoPrepareReJoinType0or2
 .text.LoRaMacCryptoSecureMessage
                0x0800a5a8      0x204 zephyr/subsys/lorawan/libloramac-node.a(LoRaMacCrypto.c.obj)
                0x0800a5a8                LoRaMacCryptoSecureMessage
 .text.LoRaMacCryptoUnsecureMessage
                0x0800a7ac      0x13c zephyr/subsys/lorawan/libloramac-node.a(LoRaMacCrypto.c.obj)
                0x0800a7ac                LoRaMacCryptoUnsecureMessage
 .text.LoRaMacCryptoSetKey
                0x0800a8e8       0x34 zephyr/subsys/lorawan/libloramac-node.a(LoRaMacCrypto.c.obj)
                0x0800a8e8                LoRaMacCryptoSetKey
 .text.LoRaMacCryptoHandleJoinAccept
                0x0800a91c      0x190 zephyr/subsys/lorawan/libloramac-node.a(LoRaMacCrypto.c.obj)
                0x0800a91c                LoRaMacCryptoHandleJoinAccept
 .text.RegionGetVersion
                0x0800aaac        0x8 zephyr/subsys/lorawan/libloramac-node.a(Region.c.obj)
                0x0800aaac                RegionGetVersion
 .text.RegionCommonUpdateBandTimeOff
                0x0800aab4       0xd4 zephyr/subsys/lorawan/libloramac-node.a(RegionCommon.c.obj)
                0x0800aab4                RegionCommonUpdateBandTimeOff
 .text.RegionCommonComputeSymbolTimeLoRa
                0x0800ab88       0x10 zephyr/subsys/lorawan/libloramac-node.a(RegionCommon.c.obj)
                0x0800ab88                RegionCommonComputeSymbolTimeLoRa
 .text.RegionCommonGetBandwidth
                0x0800ab98       0x24 zephyr/subsys/lorawan/libloramac-node.a(RegionCommon.c.obj)
                0x0800ab98                RegionCommonGetBandwidth
 .text.GetTimeOnAir
                0x0800abbc       0x54 zephyr/subsys/lorawan/libloramac-node.a(RegionEU868.c.obj)
 .text.VerifyRfFreq
                0x0800ac10       0x9c zephyr/subsys/lorawan/libloramac-node.a(RegionEU868.c.obj)
 .text.RegionEU868GetPhyParam
                0x0800acac      0x11c zephyr/subsys/lorawan/libloramac-node.a(RegionEU868.c.obj)
                0x0800acac                RegionEU868GetPhyParam
 .text.RegionEU868SetBandTxDone
                0x0800adc8       0x34 zephyr/subsys/lorawan/libloramac-node.a(RegionEU868.c.obj)
                0x0800adc8                RegionEU868SetBandTxDone
 .text.RegionEU868InitDefaults
                0x0800adfc       0xcc zephyr/subsys/lorawan/libloramac-node.a(RegionEU868.c.obj)
                0x0800adfc                RegionEU868InitDefaults
 .text.RegionEU868ChanMaskSet
                0x0800aec8       0x34 zephyr/subsys/lorawan/libloramac-node.a(RegionEU868.c.obj)
                0x0800aec8                RegionEU868ChanMaskSet
 .text.RegionEU868ComputeRxWindowParameters
                0x0800aefc       0x64 zephyr/subsys/lorawan/libloramac-node.a(RegionEU868.c.obj)
                0x0800aefc                RegionEU868ComputeRxWindowParameters
 .text.RegionEU868RxConfig
                0x0800af60       0xd4 zephyr/subsys/lorawan/libloramac-node.a(RegionEU868.c.obj)
                0x0800af60                RegionEU868RxConfig
 .text.RegionEU868TxConfig
                0x0800b034       0xf0 zephyr/subsys/lorawan/libloramac-node.a(RegionEU868.c.obj)
                0x0800b034                RegionEU868TxConfig
 .text.RegionEU868LinkAdrReq
                0x0800b124      0x15c zephyr/subsys/lorawan/libloramac-node.a(RegionEU868.c.obj)
                0x0800b124                RegionEU868LinkAdrReq
 .text.RegionEU868DlChannelReq
                0x0800b280       0x48 zephyr/subsys/lorawan/libloramac-node.a(RegionEU868.c.obj)
                0x0800b280                RegionEU868DlChannelReq
 .text.RegionEU868NextChannel
                0x0800b2c8       0xf8 zephyr/subsys/lorawan/libloramac-node.a(RegionEU868.c.obj)
                0x0800b2c8                RegionEU868NextChannel
 .text.RegionEU868ChannelAdd
                0x0800b3c0       0xc4 zephyr/subsys/lorawan/libloramac-node.a(RegionEU868.c.obj)
                0x0800b3c0                RegionEU868ChannelAdd
 .text.RegionEU868ChannelsRemove
                0x0800b484       0x30 zephyr/subsys/lorawan/libloramac-node.a(RegionEU868.c.obj)
                0x0800b484                RegionEU868ChannelsRemove
 .text.crc8_ccitt
                0x0800b4b4       0x30 zephyr/subsys/crc/libsubsys__crc.a(crc8_sw.c.obj)
                0x0800b4b4                crc8_ccitt
 .text._zbus_init
                0x0800b4e4       0x74 zephyr/subsys/zbus/libsubsys__zbus.a(zbus.c.obj)
                0x0800b4e4                _zbus_init
 .text.stm32_fill_irq_table
                0x0800b558       0x18 zephyr/drivers/interrupt_controller/libdrivers__interrupt_controller.a(intc_gpio_stm32.c.obj)
 .text.stm32_intc_gpio_isr
                0x0800b570       0x4c zephyr/drivers/interrupt_controller/libdrivers__interrupt_controller.a(intc_gpio_stm32.c.obj)
 .text.stm32_gpio_intc_enable_line
                0x0800b5bc       0x58 zephyr/drivers/interrupt_controller/libdrivers__interrupt_controller.a(intc_gpio_stm32.c.obj)
                0x0800b5bc                stm32_gpio_intc_enable_line
 .text.stm32_gpio_intc_disable_line
                0x0800b614       0x14 zephyr/drivers/interrupt_controller/libdrivers__interrupt_controller.a(intc_gpio_stm32.c.obj)
                0x0800b614                stm32_gpio_intc_disable_line
 .text.stm32_gpio_intc_select_line_trigger
                0x0800b628       0x6c zephyr/drivers/interrupt_controller/libdrivers__interrupt_controller.a(intc_gpio_stm32.c.obj)
                0x0800b628                stm32_gpio_intc_select_line_trigger
 .text.stm32_gpio_intc_set_irq_callback
                0x0800b694       0x40 zephyr/drivers/interrupt_controller/libdrivers__interrupt_controller.a(intc_gpio_stm32.c.obj)
                0x0800b694                stm32_gpio_intc_set_irq_callback
 .text.stm32_gpio_intc_remove_irq_callback
                0x0800b6d4       0x24 zephyr/drivers/interrupt_controller/libdrivers__interrupt_controller.a(intc_gpio_stm32.c.obj)
                0x0800b6d4                stm32_gpio_intc_remove_irq_callback
 .text.stm32_exti_get_line_src_port
                0x0800b6f8       0x34 zephyr/drivers/interrupt_controller/libdrivers__interrupt_controller.a(intc_gpio_stm32.c.obj)
                0x0800b6f8                stm32_exti_get_line_src_port
 .text.stm32_exti_init
                0x0800b72c       0x48 zephyr/drivers/interrupt_controller/libdrivers__interrupt_controller.a(intc_exti_stm32.c.obj)
 .text.stm32_exti_is_pending
                0x0800b774       0x3c zephyr/drivers/interrupt_controller/libdrivers__interrupt_controller.a(intc_exti_stm32.c.obj)
                0x0800b774                stm32_exti_is_pending
 .text.stm32_exti_clear_pending
                0x0800b7b0       0x3c zephyr/drivers/interrupt_controller/libdrivers__interrupt_controller.a(intc_exti_stm32.c.obj)
                0x0800b7b0                stm32_exti_clear_pending
 .text.adc_stm32_channel_setup
                0x0800b7ec      0x118 zephyr/drivers/adc/libdrivers__adc.a(adc_stm32.c.obj)
 .text.adc_stm32_isr_18
                0x0800b904       0xe8 zephyr/drivers/adc/libdrivers__adc.a(adc_stm32.c.obj)
 .text.adc_stm32_calibrate.isra.0
                0x0800b9ec       0x64 zephyr/drivers/adc/libdrivers__adc.a(adc_stm32.c.obj)
 .text.adc_stm32_init
                0x0800ba50      0x110 zephyr/drivers/adc/libdrivers__adc.a(adc_stm32.c.obj)
 .text.adc_stm32_read
                0x0800bb60      0x270 zephyr/drivers/adc/libdrivers__adc.a(adc_stm32.c.obj)
 .text.stm32_clock_control_get_subsys_rate
                0x0800bdd0       0xb4 zephyr/drivers/clock_control/libdrivers__clock_control.a(clock_stm32_ll_common.c.obj)
 .text.stm32_clock_control_init
                0x0800be84      0x190 zephyr/drivers/clock_control/libdrivers__clock_control.a(clock_stm32_ll_common.c.obj)
                0x0800be84                stm32_clock_control_init
 .text.get_pllsrc_frequency
                0x0800c014        0x8 zephyr/drivers/clock_control/libdrivers__clock_control.a(clock_stm32l4_l5_wb_wl.c.obj)
                0x0800c014                get_pllsrc_frequency
 .text.config_pll_sysclock
                0x0800c01c       0x24 zephyr/drivers/clock_control/libdrivers__clock_control.a(clock_stm32l4_l5_wb_wl.c.obj)
                0x0800c01c                config_pll_sysclock
 .text.uart_console_init
                0x0800c040       0x28 zephyr/drivers/console/libdrivers__console.a(uart_console.c.obj)
 .text.console_out
                0x0800c068       0x28 zephyr/drivers/console/libdrivers__console.a(uart_console.c.obj)
 .text.dma_stm32_get_status
                0x0800c090       0x48 zephyr/drivers/dma/libdrivers__dma.a(dma_stm32.c.obj)
                0x0800c090                dma_stm32_get_status
 .text.dma_stm32_reload
                0x0800c0d8       0xf0 zephyr/drivers/dma/libdrivers__dma.a(dma_stm32.c.obj)
                0x0800c0d8                dma_stm32_reload
 .text.dma_stm32_init
                0x0800c1c8       0x8c zephyr/drivers/dma/libdrivers__dma.a(dma_stm32.c.obj)
 .text.dma_stm32_irq_handler
                0x0800c254       0xe0 zephyr/drivers/dma/libdrivers__dma.a(dma_stm32.c.obj)
 .text.dma_stm32_configure
                0x0800c334      0x2cc zephyr/drivers/dma/libdrivers__dma.a(dma_stm32.c.obj)
                0x0800c334                dma_stm32_configure
 .text.dma_stm32_id_to_stream
                0x0800c600       0x34 zephyr/drivers/dma/libdrivers__dma.a(dma_stm32_v2.c.obj)
                0x0800c600                dma_stm32_id_to_stream
 .text.dma_stm32_clear_ht
                0x0800c634       0x38 zephyr/drivers/dma/libdrivers__dma.a(dma_stm32_v2.c.obj)
                0x0800c634                dma_stm32_clear_ht
 .text.dma_stm32_clear_tc
                0x0800c66c       0x38 zephyr/drivers/dma/libdrivers__dma.a(dma_stm32_v2.c.obj)
                0x0800c66c                dma_stm32_clear_tc
 .text.dma_stm32_is_ht_active
                0x0800c6a4       0x3c zephyr/drivers/dma/libdrivers__dma.a(dma_stm32_v2.c.obj)
                0x0800c6a4                dma_stm32_is_ht_active
 .text.dma_stm32_is_tc_active
                0x0800c6e0       0x3c zephyr/drivers/dma/libdrivers__dma.a(dma_stm32_v2.c.obj)
                0x0800c6e0                dma_stm32_is_tc_active
 .text.dma_stm32_clear_te
                0x0800c71c       0x38 zephyr/drivers/dma/libdrivers__dma.a(dma_stm32_v2.c.obj)
                0x0800c71c                dma_stm32_clear_te
 .text.dma_stm32_is_te_active
                0x0800c754       0x3c zephyr/drivers/dma/libdrivers__dma.a(dma_stm32_v2.c.obj)
                0x0800c754                dma_stm32_is_te_active
 .text.dma_stm32_is_gi_active
                0x0800c790       0x3c zephyr/drivers/dma/libdrivers__dma.a(dma_stm32_v2.c.obj)
                0x0800c790                dma_stm32_is_gi_active
 .text.stm32_dma_dump_stream_irq
                0x0800c7cc       0x5c zephyr/drivers/dma/libdrivers__dma.a(dma_stm32_v2.c.obj)
                0x0800c7cc                stm32_dma_dump_stream_irq
 .text.stm32_dma_is_tc_irq_active
                0x0800c828       0x2c zephyr/drivers/dma/libdrivers__dma.a(dma_stm32_v2.c.obj)
                0x0800c828                stm32_dma_is_tc_irq_active
 .text.stm32_dma_is_ht_irq_active
                0x0800c854       0x2c zephyr/drivers/dma/libdrivers__dma.a(dma_stm32_v2.c.obj)
                0x0800c854                stm32_dma_is_ht_irq_active
 .text.stm32_dma_enable_stream
                0x0800c880       0x1c zephyr/drivers/dma/libdrivers__dma.a(dma_stm32_v2.c.obj)
                0x0800c880                stm32_dma_enable_stream
 .text.stm32_dma_is_enabled_stream
                0x0800c89c       0x1c zephyr/drivers/dma/libdrivers__dma.a(dma_stm32_v2.c.obj)
                0x0800c89c                stm32_dma_is_enabled_stream
 .text.stm32_dma_disable_stream
                0x0800c8b8       0x34 zephyr/drivers/dma/libdrivers__dma.a(dma_stm32_v2.c.obj)
                0x0800c8b8                stm32_dma_disable_stream
 .text.dmamux_stm32_init
                0x0800c8ec       0x7c zephyr/drivers/dma/libdrivers__dma.a(dmamux_stm32.c.obj)
 .text.get_dma_fops
                0x0800c968       0x44 zephyr/drivers/dma/libdrivers__dma.a(dmamux_stm32.c.obj)
                0x0800c968                get_dma_fops
 .text.dmamux_stm32_configure
                0x0800c9ac       0x7c zephyr/drivers/dma/libdrivers__dma.a(dmamux_stm32.c.obj)
                0x0800c9ac                dmamux_stm32_configure
 .text.dmamux_stm32_start
                0x0800ca28       0x48 zephyr/drivers/dma/libdrivers__dma.a(dmamux_stm32.c.obj)
                0x0800ca28                dmamux_stm32_start
 .text.dmamux_stm32_stop
                0x0800ca70       0x48 zephyr/drivers/dma/libdrivers__dma.a(dmamux_stm32.c.obj)
                0x0800ca70                dmamux_stm32_stop
 .text.dmamux_stm32_reload
                0x0800cab8       0x5c zephyr/drivers/dma/libdrivers__dma.a(dmamux_stm32.c.obj)
                0x0800cab8                dmamux_stm32_reload
 .text.dmamux_stm32_get_status
                0x0800cb14       0x4c zephyr/drivers/dma/libdrivers__dma.a(dmamux_stm32.c.obj)
                0x0800cb14                dmamux_stm32_get_status
 .text.entropy_stm32_suspend.isra.0
                0x0800cb60       0x24 zephyr/drivers/entropy/libdrivers__entropy.a(entropy_stm32.c.obj)
 .text.entropy_stm32_resume.isra.0
                0x0800cb84       0x30 zephyr/drivers/entropy/libdrivers__entropy.a(entropy_stm32.c.obj)
 .text.start_pool_filling.isra.0
                0x0800cbb4       0x3c zephyr/drivers/entropy/libdrivers__entropy.a(entropy_stm32.c.obj)
 .text.entropy_stm32_rng_init
                0x0800cbf0      0x14c zephyr/drivers/entropy/libdrivers__entropy.a(entropy_stm32.c.obj)
 .text.rng_pool_get
                0x0800cd3c       0x90 zephyr/drivers/entropy/libdrivers__entropy.a(entropy_stm32.c.obj)
 .text.entropy_stm32_rng_get_entropy
                0x0800cdcc       0x84 zephyr/drivers/entropy/libdrivers__entropy.a(entropy_stm32.c.obj)
 .text.random_sample_get
                0x0800ce50       0xb8 zephyr/drivers/entropy/libdrivers__entropy.a(entropy_stm32.c.obj)
 .text.entropy_stm32_rng_get_entropy_isr
                0x0800cf08      0x120 zephyr/drivers/entropy/libdrivers__entropy.a(entropy_stm32.c.obj)
 .text.stm32_rng_isr
                0x0800d028       0xb4 zephyr/drivers/entropy/libdrivers__entropy.a(entropy_stm32.c.obj)
 .text.flash_stm32_get_parameters
                0x0800d0dc        0x8 zephyr/drivers/flash/libdrivers__flash.a(flash_stm32.c.obj)
 .text.flash_stm32_get_size
                0x0800d0e4       0x18 zephyr/drivers/flash/libdrivers__flash.a(flash_stm32.c.obj)
 .text.flash_stm32_read
                0x0800d0fc       0x44 zephyr/drivers/flash/libdrivers__flash.a(flash_stm32.c.obj)
 .text.flash_stm32_wait_flash_idle
                0x0800d140       0x6c zephyr/drivers/flash/libdrivers__flash.a(flash_stm32.c.obj)
                0x0800d140                flash_stm32_wait_flash_idle
 .text.flash_stm32_cr_lock
                0x0800d1ac       0x44 zephyr/drivers/flash/libdrivers__flash.a(flash_stm32.c.obj)
                0x0800d1ac                flash_stm32_cr_lock
 .text.flash_stm32_erase
                0x0800d1f0       0x70 zephyr/drivers/flash/libdrivers__flash.a(flash_stm32.c.obj)
 .text.flash_stm32_write
                0x0800d260       0x78 zephyr/drivers/flash/libdrivers__flash.a(flash_stm32.c.obj)
 .text.flash_stm32_write_range
                0x0800d2d8       0x94 zephyr/drivers/flash/libdrivers__flash.a(flash_stm32l4x.c.obj)
                0x0800d2d8                flash_stm32_write_range
 .text.flash_stm32_page_layout
                0x0800d36c       0x28 zephyr/drivers/flash/libdrivers__flash.a(flash_stm32l4x.c.obj)
                0x0800d36c                flash_stm32_page_layout
 .text.gpio_stm32_manage_callback
                0x0800d394       0xa4 zephyr/drivers/gpio/libdrivers__gpio.a(gpio_stm32.c.obj)
 .text.gpio_stm32_pin_interrupt_configure
                0x0800d438       0xa8 zephyr/drivers/gpio/libdrivers__gpio.a(gpio_stm32.c.obj)
 .text.gpio_stm32_isr
                0x0800d4e0       0x58 zephyr/drivers/gpio/libdrivers__gpio.a(gpio_stm32.c.obj)
 .text.gpio_stm32_init
                0x0800d538       0x38 zephyr/drivers/gpio/libdrivers__gpio.a(gpio_stm32.c.obj)
 .text.i2c_stm32_get_config
                0x0800d570       0x2c zephyr/drivers/i2c/libdrivers__i2c.a(i2c_ll_stm32.c.obj)
                0x0800d570                i2c_stm32_get_config
 .text.i2c_stm32_set_smbus_mode
                0x0800d59c       0x58 zephyr/drivers/i2c/libdrivers__i2c.a(i2c_ll_stm32.c.obj)
                0x0800d59c                i2c_stm32_set_smbus_mode
 .text.i2c_stm32_runtime_configure
                0x0800d5f4       0x88 zephyr/drivers/i2c/libdrivers__i2c.a(i2c_ll_stm32.c.obj)
                0x0800d5f4                i2c_stm32_runtime_configure
 .text.i2c_stm32_init
                0x0800d67c       0xe0 zephyr/drivers/i2c/libdrivers__i2c.a(i2c_ll_stm32.c.obj)
 .text.i2c_stm32_activate
                0x0800d75c       0x68 zephyr/drivers/i2c/libdrivers__i2c.a(i2c_ll_stm32_common.c.obj)
                0x0800d75c                i2c_stm32_activate
 .text.i2c_stm32_event
                0x0800d7c4       0xf4 zephyr/drivers/i2c/libdrivers__i2c.a(i2c_ll_stm32_v2.c.obj)
                0x0800d7c4                i2c_stm32_event
 .text.i2c_stm32_configure_timing
                0x0800d8b8      0x14c zephyr/drivers/i2c/libdrivers__i2c.a(i2c_ll_stm32_v2.c.obj)
                0x0800d8b8                i2c_stm32_configure_timing
 .text.i2c_stm32_transaction
                0x0800da04      0x134 zephyr/drivers/i2c/libdrivers__i2c.a(i2c_ll_stm32_v2.c.obj)
                0x0800da04                i2c_stm32_transaction
 .text.pinctrl_configure_pins
                0x0800db38       0x84 zephyr/drivers/pinctrl/libdrivers__pinctrl.a(pinctrl_stm32.c.obj)
                0x0800db38                pinctrl_configure_pins
 .text.stm32_temp_channel_get
                0x0800dbbc       0xec zephyr/drivers/sensor/st/stm32_temp/libdrivers__sensor__st__stm32_temp.a(stm32_temp.c.obj)
 .text.stm32_temp_sample_fetch
                0x0800dca8       0x90 zephyr/drivers/sensor/st/stm32_temp/libdrivers__sensor__st__stm32_temp.a(stm32_temp.c.obj)
 .text.stm32_temp_init
                0x0800dd38       0x84 zephyr/drivers/sensor/st/stm32_temp/libdrivers__sensor__st__stm32_temp.a(stm32_temp.c.obj)
 .text.stm32_vbat_sample_fetch
                0x0800ddbc       0x88 zephyr/drivers/sensor/st/stm32_vbat/libdrivers__sensor__st__stm32_vbat.a(stm32_vbat.c.obj)
 .text.stm32_vbat_init
                0x0800de44       0x94 zephyr/drivers/sensor/st/stm32_vbat/libdrivers__sensor__st__stm32_vbat.a(stm32_vbat.c.obj)
 .text.stm32_vref_channel_get
                0x0800ded8       0x5c zephyr/drivers/sensor/st/stm32_vref/libdrivers__sensor__st__stm32_vref.a(stm32_vref.c.obj)
 .text.stm32_vref_sample_fetch
                0x0800df34       0x90 zephyr/drivers/sensor/st/stm32_vref/libdrivers__sensor__st__stm32_vref.a(stm32_vref.c.obj)
 .text.stm32_vref_init
                0x0800dfc4       0x84 zephyr/drivers/sensor/st/stm32_vref/libdrivers__sensor__st__stm32_vref.a(stm32_vref.c.obj)
 .text.uart_stm32_cfg2ll_stopbits
                0x0800e048       0x38 zephyr/drivers/serial/libdrivers__serial.a(uart_stm32.c.obj)
 .text.uart_stm32_irq_err_disable
                0x0800e080       0x48 zephyr/drivers/serial/libdrivers__serial.a(uart_stm32.c.obj)
 .text.uart_stm32_async_rx_enable
                0x0800e0c8      0x1a8 zephyr/drivers/serial/libdrivers__serial.a(uart_stm32.c.obj)
 .text.uart_stm32_irq_err_enable
                0x0800e270       0x48 zephyr/drivers/serial/libdrivers__serial.a(uart_stm32.c.obj)
 .text.uart_stm32_async_tx
                0x0800e2b8       0xf0 zephyr/drivers/serial/libdrivers__serial.a(uart_stm32.c.obj)
 .text.lpuartdiv_calc
                0x0800e3a8       0x30 zephyr/drivers/serial/libdrivers__serial.a(uart_stm32.c.obj)
                0x0800e3a8                lpuartdiv_calc
 .text.uart_stm32_set_baudrate
                0x0800e3d8      0x198 zephyr/drivers/serial/libdrivers__serial.a(uart_stm32.c.obj)
 .text.uart_stm32_configure
                0x0800e570       0xe8 zephyr/drivers/serial/libdrivers__serial.a(uart_stm32.c.obj)
 .text.uart_stm32_init
                0x0800e658      0x31c zephyr/drivers/serial/libdrivers__serial.a(uart_stm32.c.obj)
 .text.spi_stm32_init
                0x0800e974       0x84 zephyr/drivers/spi/libdrivers__spi.a(spi_ll_stm32.c.obj)
 .text.spi_stm32_transceive
                0x0800e9f8      0x548 zephyr/drivers/spi/libdrivers__spi.a(spi_ll_stm32.c.obj)
 .text.elapsed  0x0800ef40       0x44 zephyr/drivers/timer/libdrivers__timer.a(cortex_m_systick.c.obj)
 .text.sys_clock_driver_init
                0x0800ef84       0x38 zephyr/drivers/timer/libdrivers__timer.a(cortex_m_systick.c.obj)
 .text.sys_clock_isr
                0x0800efbc       0x50 zephyr/drivers/timer/libdrivers__timer.a(cortex_m_systick.c.obj)
                0x0800efbc                sys_clock_isr
 .text.sys_clock_set_timeout
                0x0800f00c      0x148 zephyr/drivers/timer/libdrivers__timer.a(cortex_m_systick.c.obj)
                0x0800f00c                sys_clock_set_timeout
 .text.sys_clock_elapsed
                0x0800f154       0xa8 zephyr/drivers/timer/libdrivers__timer.a(cortex_m_systick.c.obj)
                0x0800f154                sys_clock_elapsed
 .text.sys_clock_cycle_get_32
                0x0800f1fc       0x94 zephyr/drivers/timer/libdrivers__timer.a(cortex_m_systick.c.obj)
                0x0800f1fc                sys_clock_cycle_get_32
 .text.HAL_RCC_GetSysClockFreq
                0x0800f290       0xe4 modules/hal_stm32/stm32cube/lib..__modules__hal__stm32__stm32cube.a(stm32wlxx_hal_rcc.c.obj)
                0x0800f290                HAL_RCC_GetSysClockFreq
 .text.LL_DMA_Init
                0x0800f374       0x70 modules/hal_stm32/stm32cube/lib..__modules__hal__stm32__stm32cube.a(stm32wlxx_ll_dma.c.obj)
                0x0800f374                LL_DMA_Init
 .text.LL_SetFlashLatency
                0x0800f3e4       0xa8 modules/hal_stm32/stm32cube/lib..__modules__hal__stm32__stm32cube.a(stm32wlxx_ll_utils.c.obj)
                0x0800f3e4                LL_SetFlashLatency
 .text.do_device_init
                0x0800f48c       0x5c zephyr/kernel/libkernel.a(device.c.obj)
                0x0800f48c                do_device_init
 .text.k_sys_fatal_error_handler
                0x0800f4e8       0x20 zephyr/kernel/libkernel.a(fatal.c.obj)
                0x0800f4e8                k_sys_fatal_error_handler
 .text.z_fatal_error
                0x0800f508      0x118 zephyr/kernel/libkernel.a(fatal.c.obj)
                0x0800f508                z_fatal_error
 .text.z_sys_init_run_level
                0x0800f620       0x30 zephyr/kernel/libkernel.a(init.c.obj)
 .text.bg_thread_main
                0x0800f650       0xf4 zephyr/kernel/libkernel.a(init.c.obj)
 .text.z_init_cpu
                0x0800f744       0x78 zephyr/kernel/libkernel.a(init.c.obj)
                0x0800f744                z_init_cpu
 .text.z_cstart
                0x0800f7bc      0x110 zephyr/kernel/libkernel.a(init.c.obj)
                0x0800f7bc                z_cstart
 .text.idle     0x0800f8cc       0x48 zephyr/kernel/libkernel.a(idle.c.obj)
                0x0800f8cc                idle
 .text.z_impl_k_mutex_lock
                0x0800f914      0x19c zephyr/kernel/libkernel.a(mutex.c.obj)
                0x0800f914                z_impl_k_mutex_lock
 .text.z_impl_k_mutex_unlock
                0x0800fab0      0x1a0 zephyr/kernel/libkernel.a(mutex.c.obj)
                0x0800fab0                z_impl_k_mutex_unlock
 .text.unpend_thread_no_timeout
                0x0800fc50       0x40 zephyr/kernel/libkernel.a(sem.c.obj)
 .text.z_impl_k_sem_give
                0x0800fc90      0x108 zephyr/kernel/libkernel.a(sem.c.obj)
                0x0800fc90                z_impl_k_sem_give
 .text.z_impl_k_sem_take
                0x0800fd98       0xf4 zephyr/kernel/libkernel.a(sem.c.obj)
                0x0800fd98                z_impl_k_sem_take
 .text.work_queue_main
                0x0800fe8c      0x1fc zephyr/kernel/libkernel.a(work.c.obj)
 .text.submit_to_queue_locked
                0x08010088       0xcc zephyr/kernel/libkernel.a(work.c.obj)
 .text.work_timeout
                0x08010154       0xac zephyr/kernel/libkernel.a(work.c.obj)
 .text.k_work_init
                0x08010200       0x4c zephyr/kernel/libkernel.a(work.c.obj)
                0x08010200                k_work_init
 .text.z_work_submit_to_queue
                0x0801024c       0xd4 zephyr/kernel/libkernel.a(work.c.obj)
                0x0801024c                z_work_submit_to_queue
 .text.k_work_submit
                0x08010320        0xc zephyr/kernel/libkernel.a(work.c.obj)
                0x08010320                k_work_submit
 .text.k_work_queue_start
                0x0801032c       0xe0 zephyr/kernel/libkernel.a(work.c.obj)
                0x0801032c                k_work_queue_start
 .text.k_work_init_delayable
                0x0801040c       0x58 zephyr/kernel/libkernel.a(work.c.obj)
                0x0801040c                k_work_init_delayable
 .text.k_work_reschedule_for_queue
                0x08010464      0x104 zephyr/kernel/libkernel.a(work.c.obj)
                0x08010464                k_work_reschedule_for_queue
 .text.k_work_reschedule
                0x08010568        0xc zephyr/kernel/libkernel.a(work.c.obj)
                0x08010568                k_work_reschedule
 .text.k_work_cancel_delayable
                0x08010574       0xb8 zephyr/kernel/libkernel.a(work.c.obj)
                0x08010574                k_work_cancel_delayable
 .text.z_impl_k_thread_name_set
                0x0801062c       0x20 zephyr/kernel/libkernel.a(thread.c.obj)
                0x0801062c                z_impl_k_thread_name_set
 .text.z_setup_new_thread
                0x0801064c       0xe8 zephyr/kernel/libkernel.a(thread.c.obj)
                0x0801064c                z_setup_new_thread
 .text.z_impl_k_thread_create
                0x08010734       0x8c zephyr/kernel/libkernel.a(thread.c.obj)
                0x08010734                z_impl_k_thread_create
 .text.z_dummy_thread_init
                0x080107c0       0x1c zephyr/kernel/libkernel.a(thread.c.obj)
                0x080107c0                z_dummy_thread_init
 .text.unready_thread
                0x080107dc       0xa4 zephyr/kernel/libkernel.a(sched.c.obj)
 .text.z_swap_irqlock
                0x08010880       0x6c zephyr/kernel/libkernel.a(sched.c.obj)
 .text.unpend_thread_no_timeout
                0x080108ec       0x38 zephyr/kernel/libkernel.a(sched.c.obj)
 .text.ready_thread
                0x08010924       0xd0 zephyr/kernel/libkernel.a(sched.c.obj)
 .text.move_thread_to_end_of_prio_q
                0x080109f4       0xf4 zephyr/kernel/libkernel.a(sched.c.obj)
                0x080109f4                move_thread_to_end_of_prio_q
 .text.z_ready_thread
                0x08010ae8       0x8c zephyr/kernel/libkernel.a(sched.c.obj)
                0x08010ae8                z_ready_thread
 .text.z_unpend_thread_no_timeout
                0x08010b74       0x90 zephyr/kernel/libkernel.a(sched.c.obj)
                0x08010b74                z_unpend_thread_no_timeout
 .text.z_sched_wake_thread
                0x08010c04       0xa8 zephyr/kernel/libkernel.a(sched.c.obj)
                0x08010c04                z_sched_wake_thread
 .text.z_pend_curr
                0x08010cac      0x10c zephyr/kernel/libkernel.a(sched.c.obj)
                0x08010cac                z_pend_curr
 .text.z_unpend1_no_timeout
                0x08010db8       0x9c zephyr/kernel/libkernel.a(sched.c.obj)
                0x08010db8                z_unpend1_no_timeout
 .text.z_thread_prio_set
                0x08010e54      0x1a4 zephyr/kernel/libkernel.a(sched.c.obj)
                0x08010e54                z_thread_prio_set
 .text.z_reschedule
                0x08010ff8       0x8c zephyr/kernel/libkernel.a(sched.c.obj)
                0x08010ff8                z_reschedule
 .text.z_reschedule_irqlock
                0x08011084       0x28 zephyr/kernel/libkernel.a(sched.c.obj)
                0x08011084                z_reschedule_irqlock
 .text.k_sched_lock
                0x080110ac       0xe4 zephyr/kernel/libkernel.a(sched.c.obj)
                0x080110ac                k_sched_lock
 .text.k_sched_unlock
                0x08011190      0x130 zephyr/kernel/libkernel.a(sched.c.obj)
                0x08011190                k_sched_unlock
 .text.z_sched_init
                0x080112c0       0x10 zephyr/kernel/libkernel.a(sched.c.obj)
                0x080112c0                z_sched_init
 .text.z_impl_k_yield
                0x080112d0      0x11c zephyr/kernel/libkernel.a(sched.c.obj)
                0x080112d0                z_impl_k_yield
 .text.z_tick_sleep
                0x080113ec      0x114 zephyr/kernel/libkernel.a(sched.c.obj)
 .text.z_impl_k_sleep
                0x08011500       0x6c zephyr/kernel/libkernel.a(sched.c.obj)
                0x08011500                z_impl_k_sleep
 .text.z_impl_k_wakeup
                0x0801156c       0xb0 zephyr/kernel/libkernel.a(sched.c.obj)
                0x0801156c                z_impl_k_wakeup
 .text.z_impl_k_sched_current_thread_query
                0x0801161c        0xc zephyr/kernel/libkernel.a(sched.c.obj)
                0x0801161c                z_impl_k_sched_current_thread_query
 .text.z_thread_abort
                0x08011628      0x250 zephyr/kernel/libkernel.a(sched.c.obj)
                0x08011628                z_thread_abort
 .text.z_sched_wake
                0x08011878       0xc0 zephyr/kernel/libkernel.a(sched.c.obj)
                0x08011878                z_sched_wake
 .text.z_sched_wait
                0x08011938       0x24 zephyr/kernel/libkernel.a(sched.c.obj)
                0x08011938                z_sched_wait
 .text.slice_timeout
                0x0801195c       0x5c zephyr/kernel/libkernel.a(timeslicing.c.obj)
 .text.thread_is_sliceable
                0x080119b8       0x3c zephyr/kernel/libkernel.a(timeslicing.c.obj)
                0x080119b8                thread_is_sliceable
 .text.z_reset_time_slice
                0x080119f4       0x50 zephyr/kernel/libkernel.a(timeslicing.c.obj)
                0x080119f4                z_reset_time_slice
 .text.z_time_slice
                0x08011a44       0xc8 zephyr/kernel/libkernel.a(timeslicing.c.obj)
                0x08011a44                z_time_slice
 .text.z_spin_lock_valid
                0x08011b0c       0x1c zephyr/kernel/libkernel.a(spinlock_validate.c.obj)
                0x08011b0c                z_spin_lock_valid
 .text.z_spin_unlock_valid
                0x08011b28       0x2c zephyr/kernel/libkernel.a(spinlock_validate.c.obj)
                0x08011b28                z_spin_unlock_valid
 .text.z_spin_lock_set_owner
                0x08011b54       0x10 zephyr/kernel/libkernel.a(spinlock_validate.c.obj)
                0x08011b54                z_spin_lock_set_owner
 .text.first    0x08011b64       0x10 zephyr/kernel/libkernel.a(timeout.c.obj)
 .text.elapsed  0x08011b74       0x14 zephyr/kernel/libkernel.a(timeout.c.obj)
 .text.remove_timeout
                0x08011b88       0x38 zephyr/kernel/libkernel.a(timeout.c.obj)
 .text.z_add_timeout
                0x08011bc0      0x1bc zephyr/kernel/libkernel.a(timeout.c.obj)
                0x08011bc0                z_add_timeout
 .text.z_abort_timeout
                0x08011d7c       0xbc zephyr/kernel/libkernel.a(timeout.c.obj)
                0x08011d7c                z_abort_timeout
 .text.sys_clock_announce
                0x08011e38      0x144 zephyr/kernel/libkernel.a(timeout.c.obj)
                0x08011e38                sys_clock_announce
 .text.sys_clock_tick_get
                0x08011f7c       0x9c zephyr/kernel/libkernel.a(timeout.c.obj)
                0x08011f7c                sys_clock_tick_get
 .text.z_timer_expiration_handler
                0x08012018      0x1ac zephyr/kernel/libkernel.a(timer.c.obj)
                0x08012018                z_timer_expiration_handler
 .text.z_impl_k_timer_start
                0x080121c4       0xdc zephyr/kernel/libkernel.a(timer.c.obj)
                0x080121c4                z_impl_k_timer_start
 .text.register_events
                0x080122a0      0x264 zephyr/kernel/libkernel.a(poll.c.obj)
 .text.clear_event_registrations
                0x08012504      0x1b8 zephyr/kernel/libkernel.a(poll.c.obj)
 .text.z_impl_k_poll
                0x080126bc      0x1b8 zephyr/kernel/libkernel.a(poll.c.obj)
                0x080126bc                z_impl_k_poll
 .text.z_handle_obj_poll_events
                0x08012874       0xb0 zephyr/kernel/libkernel.a(poll.c.obj)
                0x08012874                z_handle_obj_poll_events
 .text.z_impl_k_poll_signal_raise
                0x08012924       0xb4 zephyr/kernel/libkernel.a(poll.c.obj)
                0x08012924                z_impl_k_poll_signal_raise
 .text.boot_banner
                0x080129d8        0xc zephyr/kernel/libkernel.a(banner.c.obj)
                0x080129d8                boot_banner
 .text.statics_init
                0x080129e4       0x50 zephyr/kernel/libkernel.a(kheap.c.obj)
 .text.k_sys_work_q_init
                0x08012a34       0x28 zephyr/kernel/libkernel.a(system_work_q.c.obj)
 .text.printf   0x08012a5c       0x24 /Users/andriasworld/Programming/iot-engineering/zephyr‐os‐example‐LoRaWAN/build/modules/picolibc/libc.a(printf.c.obj)
                0x08012a5c                printf
 .text.puts     0x08012a80       0x40 /Users/andriasworld/Programming/iot-engineering/zephyr‐os‐example‐LoRaWAN/build/modules/picolibc/libc.a(puts.c.obj)
                0x08012a80                puts
 .text.snprintf
                0x08012ac0       0x54 /Users/andriasworld/Programming/iot-engineering/zephyr‐os‐example‐LoRaWAN/build/modules/picolibc/libc.a(snprintf.c.obj)
                0x08012ac0                snprintf
 .text.skip_to_arg
                0x08012b14      0x130 /Users/andriasworld/Programming/iot-engineering/zephyr‐os‐example‐LoRaWAN/build/modules/picolibc/libc.a(vfprintf.c.obj)
 .text.vfprintf
                0x08012c44      0x940 /Users/andriasworld/Programming/iot-engineering/zephyr‐os‐example‐LoRaWAN/build/modules/picolibc/libc.a(vfprintf.c.obj)
                0x08012c44                __d_vfprintf
                0x08012c44                vfprintf
 .text.div10    0x08013584       0x24 /Users/andriasworld/Programming/iot-engineering/zephyr‐os‐example‐LoRaWAN/build/modules/picolibc/libc.a(dtoa_ryu.c.obj)
 .text.__dtoa_engine
                0x080135a8      0x47c /Users/andriasworld/Programming/iot-engineering/zephyr‐os‐example‐LoRaWAN/build/modules/picolibc/libc.a(dtoa_ryu.c.obj)
                0x080135a8                __dtoa_engine
 .text.__log10Pow2
                0x08013a24        0xc /Users/andriasworld/Programming/iot-engineering/zephyr‐os‐example‐LoRaWAN/build/modules/picolibc/libc.a(ryu_log10.c.obj)
                0x08013a24                __log10Pow2
 .text.__log10Pow5
                0x08013a30        0xc /Users/andriasworld/Programming/iot-engineering/zephyr‐os‐example‐LoRaWAN/build/modules/picolibc/libc.a(ryu_log10.c.obj)
                0x08013a30                __log10Pow5
 .text.__pow5bits
                0x08013a3c       0x10 /Users/andriasworld/Programming/iot-engineering/zephyr‐os‐example‐LoRaWAN/build/modules/picolibc/libc.a(ryu_pow5bits.c.obj)
                0x08013a3c                __pow5bits
 .text.__pow5Factor
                0x08013a4c       0x30 /Users/andriasworld/Programming/iot-engineering/zephyr‐os‐example‐LoRaWAN/build/modules/picolibc/libc.a(ryu_table.c.obj)
                0x08013a4c                __pow5Factor
 .text.__double_computePow5
                0x08013a7c       0xe0 /Users/andriasworld/Programming/iot-engineering/zephyr‐os‐example‐LoRaWAN/build/modules/picolibc/libc.a(ryu_table.c.obj)
                0x08013a7c                __double_computePow5
 .text.__double_computeInvPow5
                0x08013b5c       0xfc /Users/andriasworld/Programming/iot-engineering/zephyr‐os‐example‐LoRaWAN/build/modules/picolibc/libc.a(ryu_table.c.obj)
                0x08013b5c                __double_computeInvPow5
 .text.floorf   0x08013c58       0x64 /Users/andriasworld/Programming/iot-engineering/zephyr‐os‐example‐LoRaWAN/build/modules/picolibc/libc.a(sf_floor.c.obj)
                0x08013c58                floorf
 .text._OffsetAbsSyms
                0x08013cbc        0x2 zephyr/CMakeFiles/offsets.dir/./arch/arm/core/offsets/offsets.c.obj
                0x08013cbc                _OffsetAbsSyms
 .text.chunk_size
                0x08013cbe        0xa zephyr/libzephyr.a(heap.c.obj)
 .text.free_list_add
                0x08013cc8       0x44 zephyr/libzephyr.a(heap.c.obj)
 .text.cbpprintf_external
                0x08013d0c       0x62 zephyr/libzephyr.a(cbprintf_packaged.c.obj)
                0x08013d0c                cbpprintf_external
 .text.is_ptr   0x08013d6e       0x3a zephyr/libzephyr.a(cbprintf_packaged.c.obj)
                0x08013d6e                is_ptr
 .text.arch_printk_char_out
                0x08013da8        0x4 zephyr/libzephyr.a(printk.c.obj)
                0x08013da8                arch_printk_char_out
 .text.vprintk  0x08013dac        0x4 zephyr/libzephyr.a(printk.c.obj)
                0x08013dac                vprintk
 .text.printk   0x08013db0       0x1a zephyr/libzephyr.a(printk.c.obj)
                0x08013db0                printk
 .text.z_thread_entry
                0x08013dca       0x14 zephyr/libzephyr.a(thread_entry.c.obj)
                0x08013dca                z_thread_entry
 .text.assert_post_action
                0x08013dde       0x12 zephyr/libzephyr.a(assert.c.obj)
                0x08013dde                assert_post_action
 .text.assert_print
                0x08013df0       0x1a zephyr/libzephyr.a(assert.c.obj)
                0x08013df0                assert_print
 .text.free_space
                0x08013e0a       0x28 zephyr/libzephyr.a(mpsc_pbuf.c.obj)
 .text.get_usage
                0x08013e32       0x22 zephyr/libzephyr.a(mpsc_pbuf.c.obj)
 .text.idx_inc  0x08013e54       0x1a zephyr/libzephyr.a(mpsc_pbuf.c.obj)
 .text.rd_idx_inc
                0x08013e6e       0x18 zephyr/libzephyr.a(mpsc_pbuf.c.obj)
 .text.add_skip_item
                0x08013e86       0x3a zephyr/libzephyr.a(mpsc_pbuf.c.obj)
 .text.drop_item_locked
                0x08013ec0       0xfe zephyr/libzephyr.a(mpsc_pbuf.c.obj)
 .text.post_drop_action
                0x08013fbe       0x38 zephyr/libzephyr.a(mpsc_pbuf.c.obj)